Archive member included to satisfy reference by file (symbol)

C:/Users/Sophie/Desktop/hei-2018-2019-lab-sens-it-roussaud-feuvrier-bouhin/sensit-sdk-v2.0.0/sdk/lib\libSENSIT_SDK_V2.0.0.a(addon_sigfox_verified_api.o)
                              C:/Users/Sophie/Desktop/hei-2018-2019-lab-sens-it-roussaud-feuvrier-bouhin/sensit-sdk-v2.0.0/sdk/obj/AT_functions.o (ADDON_SIGFOX_VERIFIED_API_get_version)
C:/Users/Sophie/Desktop/hei-2018-2019-lab-sens-it-roussaud-feuvrier-bouhin/sensit-sdk-v2.0.0/sdk/lib\libSENSIT_SDK_V2.0.0.a(mcu_api.o)
                              C:/Users/Sophie/Desktop/hei-2018-2019-lab-sens-it-roussaud-feuvrier-bouhin/sensit-sdk-v2.0.0/sdk/lib\libSENSIT_SDK_V2.0.0.a(addon_sigfox_verified_api.o) (MCU_API_timer_start)
C:/Users/Sophie/Desktop/hei-2018-2019-lab-sens-it-roussaud-feuvrier-bouhin/sensit-sdk-v2.0.0/sdk/lib\libSENSIT_SDK_V2.0.0.a(nvmem_api.o)
                              C:/Users/Sophie/Desktop/hei-2018-2019-lab-sens-it-roussaud-feuvrier-bouhin/sensit-sdk-v2.0.0/sdk/lib\libSENSIT_SDK_V2.0.0.a(mcu_api.o) (NVMEM_API_get_device_id)
C:/Users/Sophie/Desktop/hei-2018-2019-lab-sens-it-roussaud-feuvrier-bouhin/sensit-sdk-v2.0.0/sdk/lib\libSENSIT_SDK_V2.0.0.a(radio.o)
                              C:/Users/Sophie/Desktop/hei-2018-2019-lab-sens-it-roussaud-feuvrier-bouhin/sensit-sdk-v2.0.0/sdk/lib\libSENSIT_SDK_V2.0.0.a(mcu_api.o) (RADIO_is_600bps)
C:/Users/Sophie/Desktop/hei-2018-2019-lab-sens-it-roussaud-feuvrier-bouhin/sensit-sdk-v2.0.0/sdk/lib\libSENSIT_SDK_V2.0.0.a(rtc.o)
                              C:/Users/Sophie/Desktop/hei-2018-2019-lab-sens-it-roussaud-feuvrier-bouhin/sensit-sdk-v2.0.0/sdk/lib\libSENSIT_SDK_V2.0.0.a(mcu_api.o) (RTC_set_rx_timer)
C:/Users/Sophie/Desktop/hei-2018-2019-lab-sens-it-roussaud-feuvrier-bouhin/sensit-sdk-v2.0.0/sdk/lib\libSENSIT_SDK_V2.0.0.a(sensit_api.o)
                              C:/Users/Sophie/Desktop/hei-2018-2019-lab-sens-it-roussaud-feuvrier-bouhin/sensit-sdk-v2.0.0/sdk/obj/AT_functions.o (SENSIT_API_get_sdk_version)
C:/Users/Sophie/Desktop/hei-2018-2019-lab-sens-it-roussaud-feuvrier-bouhin/sensit-sdk-v2.0.0/sdk/lib\libSENSIT_SDK_V2.0.0.a(sigfox_api.o)
                              C:/Users/Sophie/Desktop/hei-2018-2019-lab-sens-it-roussaud-feuvrier-bouhin/sensit-sdk-v2.0.0/sdk/obj/radio_api.o (SIGFOX_API_open)
C:/Users/Sophie/Desktop/hei-2018-2019-lab-sens-it-roussaud-feuvrier-bouhin/sensit-sdk-v2.0.0/sdk/lib\libSENSIT_SDK_V2.0.0.a(sigfox_internal.o)
                              C:/Users/Sophie/Desktop/hei-2018-2019-lab-sens-it-roussaud-feuvrier-bouhin/sensit-sdk-v2.0.0/sdk/lib\libSENSIT_SDK_V2.0.0.a(sigfox_api.o) (SIGFOX_INT_get_max_micro_channel)
C:/Users/Sophie/Desktop/hei-2018-2019-lab-sens-it-roussaud-feuvrier-bouhin/sensit-sdk-v2.0.0/sdk/lib\libSENSIT_SDK_V2.0.0.a(sigfox_pn.o)
                              C:/Users/Sophie/Desktop/hei-2018-2019-lab-sens-it-roussaud-feuvrier-bouhin/sensit-sdk-v2.0.0/sdk/lib\libSENSIT_SDK_V2.0.0.a(sigfox_internal.o) (SIGFOX_PN_next_pn)
C:/Users/Sophie/Desktop/hei-2018-2019-lab-sens-it-roussaud-feuvrier-bouhin/sensit-sdk-v2.0.0/sdk/lib\libSENSIT_SDK_V2.0.0.a(sigfox_scramb.o)
                              C:/Users/Sophie/Desktop/hei-2018-2019-lab-sens-it-roussaud-feuvrier-bouhin/sensit-sdk-v2.0.0/sdk/lib\libSENSIT_SDK_V2.0.0.a(sigfox_internal.o) (SIGFOX_SCRAMB_compute)
C:/Users/Sophie/Desktop/hei-2018-2019-lab-sens-it-roussaud-feuvrier-bouhin/sensit-sdk-v2.0.0/sdk/lib\libSENSIT_SDK_V2.0.0.a(sleep.o)
                              C:/Users/Sophie/Desktop/hei-2018-2019-lab-sens-it-roussaud-feuvrier-bouhin/sensit-sdk-v2.0.0/sdk/lib\libSENSIT_SDK_V2.0.0.a(rtc.o) (SLEEP_handler)
C:/Users/Sophie/Desktop/hei-2018-2019-lab-sens-it-roussaud-feuvrier-bouhin/sensit-sdk-v2.0.0/sdk/lib\libSENSIT_SDK_V2.0.0.a(spi.o)
                              C:/Users/Sophie/Desktop/hei-2018-2019-lab-sens-it-roussaud-feuvrier-bouhin/sensit-sdk-v2.0.0/sdk/lib\libSENSIT_SDK_V2.0.0.a(sensit_api.o) (SPI_init)
C:/Users/Sophie/Desktop/hei-2018-2019-lab-sens-it-roussaud-feuvrier-bouhin/sensit-sdk-v2.0.0/sdk/lib\libSENSIT_SDK_V2.0.0.a(startup_stm32f042x6.o)
                              (Reset_Handler)
C:/Users/Sophie/Desktop/hei-2018-2019-lab-sens-it-roussaud-feuvrier-bouhin/sensit-sdk-v2.0.0/sdk/lib\libSENSIT_SDK_V2.0.0.a(system_stm32f0xx.o)
                              C:/Users/Sophie/Desktop/hei-2018-2019-lab-sens-it-roussaud-feuvrier-bouhin/sensit-sdk-v2.0.0/sdk/lib\libSENSIT_SDK_V2.0.0.a(startup_stm32f042x6.o) (SystemInit)
C:/Users/Sophie/Desktop/hei-2018-2019-lab-sens-it-roussaud-feuvrier-bouhin/sensit-sdk-v2.0.0/sdk/lib\libSENSIT_SDK_V2.0.0.a(systick.o)
                              C:/Users/Sophie/Desktop/hei-2018-2019-lab-sens-it-roussaud-feuvrier-bouhin/sensit-sdk-v2.0.0/sdk/lib\libSENSIT_SDK_V2.0.0.a(mcu_api.o) (SYSTICK_wait_ms)
C:/Users/Sophie/Desktop/hei-2018-2019-lab-sens-it-roussaud-feuvrier-bouhin/sensit-sdk-v2.0.0/sdk/lib\libSENSIT_SDK_V2.0.0.a(uart.o)
[...]
Memory Configuration

Name             Origin             Length             Attributes
RAM              0x20000000         0x00001800         xrw
ROM              0x08000000         0x00007400         xr
*default*        0x00000000         0xffffffff

Linker script and memory map

LOAD C:/Users/Sophie/Desktop/hei-2018-2019-lab-sens-it-roussaud-feuvrier-bouhin/sensit-sdk-v2.0.0/sdk/obj/error.o
LOAD C:/Users/Sophie/Desktop/hei-2018-2019-lab-sens-it-roussaud-feuvrier-bouhin/sensit-sdk-v2.0.0/sdk/obj/button.o
LOAD C:/Users/Sophie/Desktop/hei-2018-2019-lab-sens-it-roussaud-feuvrier-bouhin/sensit-sdk-v2.0.0/sdk/obj/battery.o
LOAD C:/Users/Sophie/Desktop/hei-2018-2019-lab-sens-it-roussaud-feuvrier-bouhin/sensit-sdk-v2.0.0/sdk/obj/callback.o
LOAD C:/Users/Sophie/Desktop/hei-2018-2019-lab-sens-it-roussaud-feuvrier-bouhin/sensit-sdk-v2.0.0/sdk/obj/serial.o
LOAD C:/Users/Sophie/Desktop/hei-2018-2019-lab-sens-it-roussaud-feuvrier-bouhin/sensit-sdk-v2.0.0/sdk/obj/radio_api.o
LOAD C:/Users/Sophie/Desktop/hei-2018-2019-lab-sens-it-roussaud-feuvrier-bouhin/sensit-sdk-v2.0.0/sdk/obj/etsi.o
LOAD C:/Users/Sophie/Desktop/hei-2018-2019-lab-sens-it-roussaud-feuvrier-bouhin/sensit-sdk-v2.0.0/sdk/obj/fcc.o
LOAD C:/Users/Sophie/Desktop/hei-2018-2019-lab-sens-it-roussaud-feuvrier-bouhin/sensit-sdk-v2.0.0/sdk/obj/hts221.o
LOAD C:/Users/Sophie/Desktop/hei-2018-2019-lab-sens-it-roussaud-feuvrier-bouhin/sensit-sdk-v2.0.0/sdk/obj/ltr329.o
LOAD C:/Users/Sophie/Desktop/hei-2018-2019-lab-sens-it-roussaud-feuvrier-bouhin/sensit-sdk-v2.0.0/sdk/obj/fxos8700.o
LOAD C:/Users/Sophie/Desktop/hei-2018-2019-lab-sens-it-roussaud-feuvrier-bouhin/sensit-sdk-v2.0.0/sdk/obj/AT_parser.o
LOAD C:/Users/Sophie/Desktop/hei-2018-2019-lab-sens-it-roussaud-feuvrier-bouhin/sensit-sdk-v2.0.0/sdk/obj/AT_functions.o
LOAD C:/Users/Sophie/Desktop/hei-2018-2019-lab-sens-it-roussaud-feuvrier-bouhin/sensit-sdk-v2.0.0/sdk/obj/discovery.o
LOAD C:/Users/Sophie/Desktop/hei-2018-2019-lab-sens-it-roussaud-feuvrier-bouhin/sensit-sdk-v2.0.0/sdk/obj/main.o
LOAD C:/Users/Sophie/Desktop/hei-2018-2019-lab-sens-it-roussaud-feuvrier-bouhin/sensit-sdk-v2.0.0/sdk/lib\libSENSIT_SDK_V2.0.0.a
                0x20001800                _estack = 0x20001800
                0x00000000                _Min_Heap_Size = 0x0
                0x00000400                _Min_Stack_Size = 0x400

.isr_vector     0x08000000       0xc0
                0x08000000                . = ALIGN (0x4)
 *(.isr_vector)
 .isr_vector    0x08000000       0xc0 C:/Users/Sophie/Desktop/hei-2018-2019-lab-sens-it-roussaud-feuvrier-bouhin/sensit-sdk-v2.0.0/sdk/lib\libSENSIT_SDK_V2.0.0.a(startup_stm32f042x6.o)
                0x08000000                g_pfnVectors
                0x080000c0                . = ALIGN (0x4)

.text           0x080000c0     0x31a0
                0x080000c0                . = ALIGN (0x4)
 *(.text)
 .text          0x080000c0       0x14 d:/documents/hei 4/semestre 7/réseaux ubiquitaires/programmes tp1/7 2018-q2-update/bin/../lib/gcc/arm-none-eabi/7.3.1/thumb/v6-m\libgcc.a(_thumb1_case_uqi.o)
                0x080000c0                __gnu_thumb1_case_uqi
 .text          0x080000d4       0x14 d:/documents/hei 4/semestre 7/réseaux ubiquitaires/programmes tp1/7 2018-q2-update/bin/../lib/gcc/arm-none-eabi/7.3.1/thumb/v6-m\libgcc.a(_thumb1_case_uhi.o)
                0x080000d4                __gnu_thumb1_case_uhi
 .text          0x080000e8      0x114 d:/documents/hei 4/semestre 7/réseaux ubiquitaires/programmes tp1/7 2018-q2-update/bin/../lib/gcc/arm-none-eabi/7.3.1/thumb/v6-m\libgcc.a(_udivsi3.o)
                0x080000e8                __aeabi_uidiv
                0x080000e8                __udivsi3
                0x080001f4                __aeabi_uidivmod
 .text          0x080001fc      0x1d4 d:/documents/hei 4/semestre 7/réseaux ubiquitaires/programmes tp1/7 2018-q2-update/bin/../lib/gcc/arm-none-eabi/7.3.1/thumb/v6-m\libgcc.a(_divsi3.o)
                0x080001fc                __divsi3
                0x080001fc                __aeabi_idiv
                0x080003c8                __aeabi_idivmod
 .text          0x080003d0        0x4 d:/documents/hei 4/semestre 7/réseaux ubiquitaires/programmes tp1/7 2018-q2-update/bin/../lib/gcc/arm-none-eabi/7.3.1/thumb/v6-m\libgcc.a(_dvmd_tls.o)
                0x080003d0                __aeabi_idiv0
                0x080003d0                __aeabi_ldiv0
 *(.text*)
 .text.ERROR_loop
                0x080003d4       0x44 C:/Users/Sophie/Desktop/hei-2018-2019-lab-sens-it-roussaud-feuvrier-bouhin/sensit-sdk-v2.0.0/sdk/obj/error.o
 .text.ERROR_parser
                0x08000418       0xcc C:/Users/Sophie/Desktop/hei-2018-2019-lab-sens-it-roussaud-feuvrier-bouhin/sensit-sdk-v2.0.0/sdk/obj/error.o
                0x08000418                ERROR_parser
 .text.BUTTON_handler
                0x080004e4       0x5e C:/Users/Sophie/Desktop/hei-2018-2019-lab-sens-it-roussaud-feuvrier-bouhin/sensit-sdk-v2.0.0/sdk/obj/button.o
                0x080004e4                BUTTON_handler
 *fill*         0x08000542        0x2 
 .text.BATTERY_handler
                0x08000544       0x90 C:/Users/Sophie/Desktop/hei-2018-2019-lab-sens-it-roussaud-feuvrier-bouhin/sensit-sdk-v2.0.0/sdk/obj/battery.o
                0x08000544                BATTERY_handler
 .text.RADIO_API_init
                0x080005d4       0x4c C:/Users/Sophie/Desktop/hei-2018-2019-lab-sens-it-roussaud-feuvrier-bouhin/sensit-sdk-v2.0.0/sdk/obj/radio_api.o
                0x080005d4                RADIO_API_init
 .text.HTS221_init
                0x08000620       0xbc C:/Users/Sophie/Desktop/hei-2018-2019-lab-sens-it-roussaud-feuvrier-bouhin/sensit-sdk-v2.0.0/sdk/obj/hts221.o
                0x08000620                HTS221_init
 .text.HTS221_measure
                0x080006dc       0xdc C:/Users/Sophie/Desktop/hei-2018-2019-lab-sens-it-roussaud-feuvrier-bouhin/sensit-sdk-v2.0.0/sdk/obj/hts221.o
                0x080006dc                HTS221_measure
 .text.LTR329_init
                0x080007b8       0x54 C:/Users/Sophie/Desktop/hei-2018-2019-lab-sens-it-roussaud-feuvrier-bouhin/sensit-sdk-v2.0.0/sdk/obj/ltr329.o
                0x080007b8                LTR329_init
 .text.FXOS8700_reset
                0x0800080c       0x28 C:/Users/Sophie/Desktop/hei-2018-2019-lab-sens-it-roussaud-feuvrier-bouhin/sensit-sdk-v2.0.0/sdk/obj/fxos8700.o
                0x0800080c                FXOS8700_reset
 .text.FXOS8700_init
                0x08000834       0x2e C:/Users/Sophie/Desktop/hei-2018-2019-lab-sens-it-roussaud-feuvrier-bouhin/sensit-sdk-v2.0.0/sdk/obj/fxos8700.o
                0x08000834                FXOS8700_init
 *fill*         0x08000862        0x2 
 .text.startup.main
                0x08000864       0xb8 C:/Users/Sophie/Desktop/hei-2018-2019-lab-sens-it-roussaud-feuvrier-bouhin/sensit-sdk-v2.0.0/sdk/obj/main.o
                0x08000864                main
 .text.MCU_API_malloc
                0x0800091c       0x14 C:/Users/Sophie/Desktop/hei-2018-2019-lab-sens-it-roussaud-feuvrier-bouhin/sensit-sdk-v2.0.0/sdk/lib\libSENSIT_SDK_V2.0.0.a(mcu_api.o)
                0x0800091c                MCU_API_malloc
 .text.MCU_API_free
                0x08000930        0x4 C:/Users/Sophie/Desktop/hei-2018-2019-lab-sens-it-roussaud-feuvrier-bouhin/sensit-sdk-v2.0.0/sdk/lib\libSENSIT_SDK_V2.0.0.a(mcu_api.o)
                0x08000930                MCU_API_free
 .text.MCU_API_get_nv_mem
                0x08000934        0xe C:/Users/Sophie/Desktop/hei-2018-2019-lab-sens-it-roussaud-feuvrier-bouhin/sensit-sdk-v2.0.0/sdk/lib\libSENSIT_SDK_V2.0.0.a(mcu_api.o)
                0x08000934                MCU_API_get_nv_mem
 *fill*         0x08000942        0x2 
 .text.TIM16_IRQHandler
                0x08000944       0x24 C:/Users/Sophie/Desktop/hei-2018-2019-lab-sens-it-roussaud-feuvrier-bouhin/sensit-sdk-v2.0.0/sdk/lib\libSENSIT_SDK_V2.0.0.a(mcu_api.o)
                0x08000944                TIM16_IRQHandler
 .text.MCU_API_get_device_id
                0x08000968       0x12 C:/Users/Sophie/Desktop/hei-2018-2019-lab-sens-it-roussaud-feuvrier-bouhin/sensit-sdk-v2.0.0/sdk/lib\libSENSIT_SDK_V2.0.0.a(mcu_api.o)
                0x08000968                MCU_API_get_device_id
 *fill*         0x0800097a        0x2 
 .text.NVMEM_API_get_device_id
                0x0800097c       0x2c C:/Users/Sophie/Desktop/hei-2018-2019-lab-sens-it-roussaud-feuvrier-bouhin/sensit-sdk-v2.0.0/sdk/lib\libSENSIT_SDK_V2.0.0.a(nvmem_api.o)
                0x0800097c                NVMEM_API_get_device_id
 .text.NVMEM_API_get_radio_configuration
                0x080009a8       0x14 C:/Users/Sophie/Desktop/hei-2018-2019-lab-sens-it-roussaud-feuvrier-bouhin/sensit-sdk-v2.0.0/sdk/lib\libSENSIT_SDK_V2.0.0.a(nvmem_api.o)
                0x080009a8                NVMEM_API_get_radio_configuration
 .text.NVMEM_API_init_page_index
                0x080009bc       0xb4 C:/Users/Sophie/Desktop/hei-2018-2019-lab-sens-it-roussaud-feuvrier-bouhin/sensit-sdk-v2.0.0/sdk/lib\libSENSIT_SDK_V2.0.0.a(nvmem_api.o)
                0x080009bc                NVMEM_API_init_page_index
 .text.NVMEM_API_init
                0x08000a70       0xa0 C:/Users/Sophie/Desktop/hei-2018-2019-lab-sens-it-roussaud-feuvrier-bouhin/sensit-sdk-v2.0.0/sdk/lib\libSENSIT_SDK_V2.0.0.a(nvmem_api.o)
                0x08000a70                NVMEM_API_init
 .text.NVMEM_API_get_data
                0x08000b10       0x58 C:/Users/Sophie/Desktop/hei-2018-2019-lab-sens-it-roussaud-feuvrier-bouhin/sensit-sdk-v2.0.0/sdk/lib\libSENSIT_SDK_V2.0.0.a(nvmem_api.o)
                0x08000b10                NVMEM_API_get_data
 .text.RADIO_init
                0x08000b68       0x1c C:/Users/Sophie/Desktop/hei-2018-2019-lab-sens-it-roussaud-feuvrier-bouhin/sensit-sdk-v2.0.0/sdk/lib\libSENSIT_SDK_V2.0.0.a(radio.o)
                0x08000b68                RADIO_init
 .text.RTC_init
                0x08000b84       0x2c C:/Users/Sophie/Desktop/hei-2018-2019-lab-sens-it-roussaud-feuvrier-bouhin/sensit-sdk-v2.0.0/sdk/lib\libSENSIT_SDK_V2.0.0.a(rtc.o)
                0x08000b84                RTC_init
 .text.RTC_get_current_time
                0x08000bb0        0xc C:/Users/Sophie/Desktop/hei-2018-2019-lab-sens-it-roussaud-feuvrier-bouhin/sensit-sdk-v2.0.0/sdk/lib\libSENSIT_SDK_V2.0.0.a(rtc.o)
                0x08000bb0                RTC_get_current_time
 .text.RTC_set_alarm_timer
                0x08000bbc       0x14 C:/Users/Sophie/Desktop/hei-2018-2019-lab-sens-it-roussaud-feuvrier-bouhin/sensit-sdk-v2.0.0/sdk/lib\libSENSIT_SDK_V2.0.0.a(rtc.o)
                0x08000bbc                RTC_set_alarm_timer
 .text.RTC_IRQHandler
                0x08000bd0       0x68 C:/Users/Sophie/Desktop/hei-2018-2019-lab-sens-it-roussaud-feuvrier-bouhin/sensit-sdk-v2.0.0/sdk/lib\libSENSIT_SDK_V2.0.0.a(rtc.o)
                0x08000bd0                RTC_IRQHandler
 .text._init    0x08000c38       0x1c C:/Users/Sophie/Desktop/hei-2018-2019-lab-sens-it-roussaud-feuvrier-bouhin/sensit-sdk-v2.0.0/sdk/lib\libSENSIT_SDK_V2.0.0.a(sensit_api.o)
                0x08000c38                _init
 .text.SENSIT_API_configure_radio
                0x08000c54       0x2a C:/Users/Sophie/Desktop/hei-2018-2019-lab-sens-it-roussaud-feuvrier-bouhin/sensit-sdk-v2.0.0/sdk/lib\libSENSIT_SDK_V2.0.0.a(sensit_api.o)
                0x08000c54                SENSIT_API_configure_radio
 *fill*         0x08000c7e        0x2 
 .text.SENSIT_API_reset
                0x08000c80       0x60 C:/Users/Sophie/Desktop/hei-2018-2019-lab-sens-it-roussaud-feuvrier-bouhin/sensit-sdk-v2.0.0/sdk/lib\libSENSIT_SDK_V2.0.0.a(sensit_api.o)
                0x08000c80                SENSIT_API_reset
 .text.SENSIT_API_sleep
                0x08000ce0        0xa C:/Users/Sophie/Desktop/hei-2018-2019-lab-sens-it-roussaud-feuvrier-bouhin/sensit-sdk-v2.0.0/sdk/lib\libSENSIT_SDK_V2.0.0.a(sensit_api.o)
                0x08000ce0                SENSIT_API_sleep
 .text.SENSIT_API_set_rtc_alarm
                0x08000cea        0xa C:/Users/Sophie/Desktop/hei-2018-2019-lab-sens-it-roussaud-feuvrier-bouhin/sensit-sdk-v2.0.0/sdk/lib\libSENSIT_SDK_V2.0.0.a(sensit_api.o)
                0x08000cea                SENSIT_API_set_rtc_alarm
 .text.SENSIT_API_configure_button
                0x08000cf4       0x50 C:/Users/Sophie/Desktop/hei-2018-2019-lab-sens-it-roussaud-feuvrier-bouhin/sensit-sdk-v2.0.0/sdk/lib\libSENSIT_SDK_V2.0.0.a(sensit_api.o)
                0x08000cf4                SENSIT_API_configure_button
 .text.SENSIT_API_get_button_state
                0x08000d44       0x14 C:/Users/Sophie/Desktop/hei-2018-2019-lab-sens-it-roussaud-feuvrier-bouhin/sensit-sdk-v2.0.0/sdk/lib\libSENSIT_SDK_V2.0.0.a(sensit_api.o)
                0x08000d44                SENSIT_API_get_button_state
 .text.SENSIT_API_set_rgb_led
                0x08000d58       0x30 C:/Users/Sophie/Desktop/hei-2018-2019-lab-sens-it-roussaud-feuvrier-bouhin/sensit-sdk-v2.0.0/sdk/lib\libSENSIT_SDK_V2.0.0.a(sensit_api.o)
                0x08000d58                SENSIT_API_set_rgb_led
 .text.SENSIT_API_set_white_led
                0x08000d88       0x18 C:/Users/Sophie/Desktop/hei-2018-2019-lab-sens-it-roussaud-feuvrier-bouhin/sensit-sdk-v2.0.0/sdk/lib\libSENSIT_SDK_V2.0.0.a(sensit_api.o)
                0x08000d88                SENSIT_API_set_white_led
 .text.SENSIT_API_get_battery_level
                0x08000da0        0xe C:/Users/Sophie/Desktop/hei-2018-2019-lab-sens-it-roussaud-feuvrier-bouhin/sensit-sdk-v2.0.0/sdk/lib\libSENSIT_SDK_V2.0.0.a(sensit_api.o)
                0x08000da0                SENSIT_API_get_battery_level
 .text.SENSIT_API_get_current_time
                0x08000dae        0xe C:/Users/Sophie/Desktop/hei-2018-2019-lab-sens-it-roussaud-feuvrier-bouhin/sensit-sdk-v2.0.0/sdk/lib\libSENSIT_SDK_V2.0.0.a(sensit_api.o)
                0x08000dae                SENSIT_API_get_current_time
 .text.SENSIT_API_wait
                0x08000dbc        0xa C:/Users/Sophie/Desktop/hei-2018-2019-lab-sens-it-roussaud-feuvrier-bouhin/sensit-sdk-v2.0.0/sdk/lib\libSENSIT_SDK_V2.0.0.a(sensit_api.o)
                0x08000dbc                SENSIT_API_wait
 .text.SENSIT_API_write_read_i2c_bus
                0x08000dc6       0x20 C:/Users/Sophie/Desktop/hei-2018-2019-lab-sens-it-roussaud-feuvrier-bouhin/sensit-sdk-v2.0.0/sdk/lib\libSENSIT_SDK_V2.0.0.a(sensit_api.o)
                0x08000dc6                SENSIT_API_write_read_i2c_bus
 *fill*         0x08000de6        0x2 
 .text.SENSIT_API_reset_device_sequence_number
                0x08000de8       0x20 C:/Users/Sophie/Desktop/hei-2018-2019-lab-sens-it-roussaud-feuvrier-bouhin/sensit-sdk-v2.0.0/sdk/lib\libSENSIT_SDK_V2.0.0.a(sensit_api.o)
                0x08000de8                SENSIT_API_reset_device_sequence_number
 .text.SIGFOX_API_open
                0x08000e08      0x1b4 C:/Users/Sophie/Desktop/hei-2018-2019-lab-sens-it-roussaud-feuvrier-bouhin/sensit-sdk-v2.0.0/sdk/lib\libSENSIT_SDK_V2.0.0.a(sigfox_api.o)
                0x08000e08                SIGFOX_API_open
 .text.SIGFOX_API_set_std_config
                0x08000fbc       0x90 C:/Users/Sophie/Desktop/hei-2018-2019-lab-sens-it-roussaud-feuvrier-bouhin/sensit-sdk-v2.0.0/sdk/lib\libSENSIT_SDK_V2.0.0.a(sigfox_api.o)
                0x08000fbc                SIGFOX_API_set_std_config
 .text.SIGFOX_INT_get_max_micro_channel
                0x0800104c       0x30 C:/Users/Sophie/Desktop/hei-2018-2019-lab-sens-it-roussaud-feuvrier-bouhin/sensit-sdk-v2.0.0/sdk/lib\libSENSIT_SDK_V2.0.0.a(sigfox_internal.o)
                0x0800104c                SIGFOX_INT_get_max_micro_channel
 .text.RETURN_CODE
                0x0800107c        0x8 C:/Users/Sophie/Desktop/hei-2018-2019-lab-sens-it-roussaud-feuvrier-bouhin/sensit-sdk-v2.0.0/sdk/lib\libSENSIT_SDK_V2.0.0.a(sigfox_internal.o)
                0x0800107c                RETURN_CODE
 .text.SIGFOX_INT_get_device_id
                0x08001084       0x18 C:/Users/Sophie/Desktop/hei-2018-2019-lab-sens-it-roussaud-feuvrier-bouhin/sensit-sdk-v2.0.0/sdk/lib\libSENSIT_SDK_V2.0.0.a(sigfox_internal.o)
                0x08001084                SIGFOX_INT_get_device_id
 .text.SLEEP_handler
                0x0800109c       0x88 C:/Users/Sophie/Desktop/hei-2018-2019-lab-sens-it-roussaud-feuvrier-bouhin/sensit-sdk-v2.0.0/sdk/lib\libSENSIT_SDK_V2.0.0.a(sleep.o)
                0x0800109c                SLEEP_handler
 .text.SPI_init
                0x08001124       0x30 C:/Users/Sophie/Desktop/hei-2018-2019-lab-sens-it-roussaud-feuvrier-bouhin/sensit-sdk-v2.0.0/sdk/lib\libSENSIT_SDK_V2.0.0.a(spi.o)
                0x08001124                SPI_init
 .text.SPI_disable
                0x08001154       0x34 C:/Users/Sophie/Desktop/hei-2018-2019-lab-sens-it-roussaud-feuvrier-bouhin/sensit-sdk-v2.0.0/sdk/lib\libSENSIT_SDK_V2.0.0.a(spi.o)
                0x08001154                SPI_disable
 .text.SPI_enable
                0x08001188       0x30 C:/Users/Sophie/Desktop/hei-2018-2019-lab-sens-it-roussaud-feuvrier-bouhin/sensit-sdk-v2.0.0/sdk/lib\libSENSIT_SDK_V2.0.0.a(spi.o)
                0x08001188                SPI_enable
 .text.SPI_write_read
                0x080011b8       0x2c C:/Users/Sophie/Desktop/hei-2018-2019-lab-sens-it-roussaud-feuvrier-bouhin/sensit-sdk-v2.0.0/sdk/lib\libSENSIT_SDK_V2.0.0.a(spi.o)
                0x080011b8                SPI_write_read
 .text.Reset_Handler
                0x080011e4       0x80 C:/Users/Sophie/Desktop/hei-2018-2019-lab-sens-it-roussaud-feuvrier-bouhin/sensit-sdk-v2.0.0/sdk/lib\libSENSIT_SDK_V2.0.0.a(startup_stm32f042x6.o)
                0x080011e4                Reset_Handler
 .text.Default_Handler
                0x08001264        0x2 C:/Users/Sophie/Desktop/hei-2018-2019-lab-sens-it-roussaud-feuvrier-bouhin/sensit-sdk-v2.0.0/sdk/lib\libSENSIT_SDK_V2.0.0.a(startup_stm32f042x6.o)
                0x08001264                TIM1_CC_IRQHandler
                0x08001264                TSC_IRQHandler
                0x08001264                SysTick_Handler
                0x08001264                PendSV_Handler
                0x08001264                I2C1_IRQHandler
                0x08001264                RCC_CRS_IRQHandler
                0x08001264                SPI1_IRQHandler
                0x08001264                EXTI2_3_IRQHandler
                0x08001264                ADC1_IRQHandler
                0x08001264                TIM17_IRQHandler
                0x08001264                CEC_CAN_IRQHandler
                0x08001264                PVD_VDDIO2_IRQHandler
                0x08001264                TIM3_IRQHandler
                0x08001264                DMA1_Channel1_IRQHandler
                0x08001264                Default_Handler
                0x08001264                TIM14_IRQHandler
                0x08001264                DMA1_Channel4_5_IRQHandler
                0x08001264                EXTI0_1_IRQHandler
                0x08001264                SPI2_IRQHandler
                0x08001264                SVC_Handler
                0x08001264                DMA1_Channel2_3_IRQHandler
                0x08001264                USART2_IRQHandler
                0x08001264                FLASH_IRQHandler
                0x08001264                TIM1_BRK_UP_TRG_COM_IRQHandler
 *fill*         0x08001266        0x2 
 .text.SystemInit
                0x08001268      0x178 C:/Users/Sophie/Desktop/hei-2018-2019-lab-sens-it-roussaud-feuvrier-bouhin/sensit-sdk-v2.0.0/sdk/lib\libSENSIT_SDK_V2.0.0.a(system_stm32f0xx.o)
                0x08001268                SystemInit
 .text.SYSTICK_wait_ms
                0x080013e0       0x84 C:/Users/Sophie/Desktop/hei-2018-2019-lab-sens-it-roussaud-feuvrier-bouhin/sensit-sdk-v2.0.0/sdk/lib\libSENSIT_SDK_V2.0.0.a(systick.o)
                0x080013e0                SYSTICK_wait_ms
 .text.SYSTICK_wait_tick
                0x08001464       0x38 C:/Users/Sophie/Desktop/hei-2018-2019-lab-sens-it-roussaud-feuvrier-bouhin/sensit-sdk-v2.0.0/sdk/lib\libSENSIT_SDK_V2.0.0.a(systick.o)
                0x08001464                SYSTICK_wait_tick
 .text.USART1_IRQHandler
                0x0800149c       0x68 C:/Users/Sophie/Desktop/hei-2018-2019-lab-sens-it-roussaud-feuvrier-bouhin/sensit-sdk-v2.0.0/sdk/lib\libSENSIT_SDK_V2.0.0.a(uart.o)
                0x0800149c                USART1_IRQHandler
 .text.HAL_PCD_SetupStageCallback
                0x08001504       0x14 C:/Users/Sophie/Desktop/hei-2018-2019-lab-sens-it-roussaud-feuvrier-bouhin/sensit-sdk-v2.0.0/sdk/lib\libSENSIT_SDK_V2.0.0.a(usbd_conf.o)
                0x08001504                HAL_PCD_SetupStageCallback
 .text.HAL_PCD_DataOutStageCallback
                0x08001518       0x18 C:/Users/Sophie/Desktop/hei-2018-2019-lab-sens-it-roussaud-feuvrier-bouhin/sensit-sdk-v2.0.0/sdk/lib\libSENSIT_SDK_V2.0.0.a(usbd_conf.o)
                0x08001518                HAL_PCD_DataOutStageCallback
 .text.HAL_PCD_DataInStageCallback
                0x08001530       0x16 C:/Users/Sophie/Desktop/hei-2018-2019-lab-sens-it-roussaud-feuvrier-bouhin/sensit-sdk-v2.0.0/sdk/lib\libSENSIT_SDK_V2.0.0.a(usbd_conf.o)
                0x08001530                HAL_PCD_DataInStageCallback
 .text.HAL_PCD_SOFCallback
                0x08001546        0xe C:/Users/Sophie/Desktop/hei-2018-2019-lab-sens-it-roussaud-feuvrier-bouhin/sensit-sdk-v2.0.0/sdk/lib\libSENSIT_SDK_V2.0.0.a(usbd_conf.o)
                0x08001546                HAL_PCD_SOFCallback
 .text.HAL_PCD_ResetCallback
                0x08001554       0x18 C:/Users/Sophie/Desktop/hei-2018-2019-lab-sens-it-roussaud-feuvrier-bouhin/sensit-sdk-v2.0.0/sdk/lib\libSENSIT_SDK_V2.0.0.a(usbd_conf.o)
                0x08001554                HAL_PCD_ResetCallback
 .text.HAL_PCD_SuspendCallback
                0x0800156c        0xe C:/Users/Sophie/Desktop/hei-2018-2019-lab-sens-it-roussaud-feuvrier-bouhin/sensit-sdk-v2.0.0/sdk/lib\libSENSIT_SDK_V2.0.0.a(usbd_conf.o)
                0x0800156c                HAL_PCD_SuspendCallback
 .text.HAL_PCD_ResumeCallback
                0x0800157a        0xe C:/Users/Sophie/Desktop/hei-2018-2019-lab-sens-it-roussaud-feuvrier-bouhin/sensit-sdk-v2.0.0/sdk/lib\libSENSIT_SDK_V2.0.0.a(usbd_conf.o)
                0x0800157a                HAL_PCD_ResumeCallback
 .text.USBD_LL_OpenEP
                0x08001588       0x16 C:/Users/Sophie/Desktop/hei-2018-2019-lab-sens-it-roussaud-feuvrier-bouhin/sensit-sdk-v2.0.0/sdk/lib\libSENSIT_SDK_V2.0.0.a(usbd_conf.o)
                0x08001588                USBD_LL_OpenEP
 .text.USBD_LL_StallEP
                0x0800159e       0x10 C:/Users/Sophie/Desktop/hei-2018-2019-lab-sens-it-roussaud-feuvrier-bouhin/sensit-sdk-v2.0.0/sdk/lib\libSENSIT_SDK_V2.0.0.a(usbd_conf.o)
                0x0800159e                USBD_LL_StallEP
 .text.USBD_LL_ClearStallEP
                0x080015ae       0x10 C:/Users/Sophie/Desktop/hei-2018-2019-lab-sens-it-roussaud-feuvrier-bouhin/sensit-sdk-v2.0.0/sdk/lib\libSENSIT_SDK_V2.0.0.a(usbd_conf.o)
                0x080015ae                USBD_LL_ClearStallEP
 .text.USBD_LL_IsStallEP
                0x080015be       0x26 C:/Users/Sophie/Desktop/hei-2018-2019-lab-sens-it-roussaud-feuvrier-bouhin/sensit-sdk-v2.0.0/sdk/lib\libSENSIT_SDK_V2.0.0.a(usbd_conf.o)
                0x080015be                USBD_LL_IsStallEP
 .text.USBD_LL_SetUSBAddress
                0x080015e4       0x10 C:/Users/Sophie/Desktop/hei-2018-2019-lab-sens-it-roussaud-feuvrier-bouhin/sensit-sdk-v2.0.0/sdk/lib\libSENSIT_SDK_V2.0.0.a(usbd_conf.o)
                0x080015e4                USBD_LL_SetUSBAddress
 .text.USBD_LL_Transmit
                0x080015f4       0x10 C:/Users/Sophie/Desktop/hei-2018-2019-lab-sens-it-roussaud-feuvrier-bouhin/sensit-sdk-v2.0.0/sdk/lib\libSENSIT_SDK_V2.0.0.a(usbd_conf.o)
                0x080015f4                USBD_LL_Transmit
 .text.USBD_LL_PrepareReceive
                0x08001604       0x10 C:/Users/Sophie/Desktop/hei-2018-2019-lab-sens-it-roussaud-feuvrier-bouhin/sensit-sdk-v2.0.0/sdk/lib\libSENSIT_SDK_V2.0.0.a(usbd_conf.o)
                0x08001604                USBD_LL_PrepareReceive
 .text.USB_IRQHandler
                0x08001614       0x10 C:/Users/Sophie/Desktop/hei-2018-2019-lab-sens-it-roussaud-feuvrier-bouhin/sensit-sdk-v2.0.0/sdk/lib\libSENSIT_SDK_V2.0.0.a(usbd_conf.o)
                0x08001614                USB_IRQHandler
 .text.USBD_SetClassConfig
                0x08001624       0x1a C:/Users/Sophie/Desktop/hei-2018-2019-lab-sens-it-roussaud-feuvrier-bouhin/sensit-sdk-v2.0.0/sdk/lib\libSENSIT_SDK_V2.0.0.a(usbd_core.o)
                0x08001624                USBD_SetClassConfig
 .text.USBD_ClrClassConfig
                0x0800163e       0x10 C:/Users/Sophie/Desktop/hei-2018-2019-lab-sens-it-roussaud-feuvrier-bouhin/sensit-sdk-v2.0.0/sdk/lib\libSENSIT_SDK_V2.0.0.a(usbd_core.o)
                0x0800163e                USBD_ClrClassConfig
 *fill*         0x0800164e        0x2 
 .text.USBD_LL_SetupStage
                0x08001650       0x68 C:/Users/Sophie/Desktop/hei-2018-2019-lab-sens-it-roussaud-feuvrier-bouhin/sensit-sdk-v2.0.0/sdk/lib\libSENSIT_SDK_V2.0.0.a(usbd_core.o)
                0x08001650                USBD_LL_SetupStage
 .text.USBD_LL_DataOutStage
                0x080016b8       0x74 C:/Users/Sophie/Desktop/hei-2018-2019-lab-sens-it-roussaud-feuvrier-bouhin/sensit-sdk-v2.0.0/sdk/lib\libSENSIT_SDK_V2.0.0.a(usbd_core.o)
                0x080016b8                USBD_LL_DataOutStage
 .text.USBD_LL_DataInStage
                0x0800172c       0xac C:/Users/Sophie/Desktop/hei-2018-2019-lab-sens-it-roussaud-feuvrier-bouhin/sensit-sdk-v2.0.0/sdk/lib\libSENSIT_SDK_V2.0.0.a(usbd_core.o)
                0x0800172c                USBD_LL_DataInStage
 .text.USBD_LL_Reset
                0x080017d8       0x48 C:/Users/Sophie/Desktop/hei-2018-2019-lab-sens-it-roussaud-feuvrier-bouhin/sensit-sdk-v2.0.0/sdk/lib\libSENSIT_SDK_V2.0.0.a(usbd_core.o)
                0x080017d8                USBD_LL_Reset
 .text.USBD_LL_SetSpeed
                0x08001820        0x6 C:/Users/Sophie/Desktop/hei-2018-2019-lab-sens-it-roussaud-feuvrier-bouhin/sensit-sdk-v2.0.0/sdk/lib\libSENSIT_SDK_V2.0.0.a(usbd_core.o)
                0x08001820                USBD_LL_SetSpeed
 .text.USBD_LL_Suspend
                0x08001826       0x16 C:/Users/Sophie/Desktop/hei-2018-2019-lab-sens-it-roussaud-feuvrier-bouhin/sensit-sdk-v2.0.0/sdk/lib\libSENSIT_SDK_V2.0.0.a(usbd_core.o)
                0x08001826                USBD_LL_Suspend
 .text.USBD_LL_Resume
                0x0800183c        0xe C:/Users/Sophie/Desktop/hei-2018-2019-lab-sens-it-roussaud-feuvrier-bouhin/sensit-sdk-v2.0.0/sdk/lib\libSENSIT_SDK_V2.0.0.a(usbd_core.o)
                0x0800183c                USBD_LL_Resume
 .text.USBD_LL_SOF
                0x0800184a       0x1e C:/Users/Sophie/Desktop/hei-2018-2019-lab-sens-it-roussaud-feuvrier-bouhin/sensit-sdk-v2.0.0/sdk/lib\libSENSIT_SDK_V2.0.0.a(usbd_core.o)
                0x0800184a                USBD_LL_SOF
 .text.USBD_CtlError.constprop.0
                0x08001868       0x14 C:/Users/Sophie/Desktop/hei-2018-2019-lab-sens-it-roussaud-feuvrier-bouhin/sensit-sdk-v2.0.0/sdk/lib\libSENSIT_SDK_V2.0.0.a(usbd_ctlreq.o)
 .text.USBD_StdDevReq
                0x0800187c      0x224 C:/Users/Sophie/Desktop/hei-2018-2019-lab-sens-it-roussaud-feuvrier-bouhin/sensit-sdk-v2.0.0/sdk/lib\libSENSIT_SDK_V2.0.0.a(usbd_ctlreq.o)
                0x0800187c                USBD_StdDevReq
 .text.USBD_StdItfReq
                0x08001aa0       0x38 C:/Users/Sophie/Desktop/hei-2018-2019-lab-sens-it-roussaud-feuvrier-bouhin/sensit-sdk-v2.0.0/sdk/lib\libSENSIT_SDK_V2.0.0.a(usbd_ctlreq.o)
                0x08001aa0                USBD_StdItfReq
 .text.USBD_StdEPReq
                0x08001ad8       0xd4 C:/Users/Sophie/Desktop/hei-2018-2019-lab-sens-it-roussaud-feuvrier-bouhin/sensit-sdk-v2.0.0/sdk/lib\libSENSIT_SDK_V2.0.0.a(usbd_ctlreq.o)
                0x08001ad8                USBD_StdEPReq
 .text.USBD_ParseSetupRequest
                0x08001bac       0x28 C:/Users/Sophie/Desktop/hei-2018-2019-lab-sens-it-roussaud-feuvrier-bouhin/sensit-sdk-v2.0.0/sdk/lib\libSENSIT_SDK_V2.0.0.a(usbd_ctlreq.o)
                0x08001bac                USBD_ParseSetupRequest
 .text.USBD_CtlSendData
                0x08001bd4       0x1c C:/Users/Sophie/Desktop/hei-2018-2019-lab-sens-it-roussaud-feuvrier-bouhin/sensit-sdk-v2.0.0/sdk/lib\libSENSIT_SDK_V2.0.0.a(usbd_ioreq.o)
                0x08001bd4                USBD_CtlSendData
 .text.USBD_CtlContinueSendData
                0x08001bf0       0x10 C:/Users/Sophie/Desktop/hei-2018-2019-lab-sens-it-roussaud-feuvrier-bouhin/sensit-sdk-v2.0.0/sdk/lib\libSENSIT_SDK_V2.0.0.a(usbd_ioreq.o)
                0x08001bf0                USBD_CtlContinueSendData
 .text.USBD_CtlContinueRx
                0x08001c00       0x10 C:/Users/Sophie/Desktop/hei-2018-2019-lab-sens-it-roussaud-feuvrier-bouhin/sensit-sdk-v2.0.0/sdk/lib\libSENSIT_SDK_V2.0.0.a(usbd_ioreq.o)
                0x08001c00                USBD_CtlContinueRx
 .text.USBD_CtlSendStatus
                0x08001c10       0x18 C:/Users/Sophie/Desktop/hei-2018-2019-lab-sens-it-roussaud-feuvrier-bouhin/sensit-sdk-v2.0.0/sdk/lib\libSENSIT_SDK_V2.0.0.a(usbd_ioreq.o)
                0x08001c10                USBD_CtlSendStatus
 .text.USBD_CtlReceiveStatus
                0x08001c28       0x18 C:/Users/Sophie/Desktop/hei-2018-2019-lab-sens-it-roussaud-feuvrier-bouhin/sensit-sdk-v2.0.0/sdk/lib\libSENSIT_SDK_V2.0.0.a(usbd_ioreq.o)
                0x08001c28                USBD_CtlReceiveStatus
 .text.WATCHDOG_clear
                0x08001c40       0x10 C:/Users/Sophie/Desktop/hei-2018-2019-lab-sens-it-roussaud-feuvrier-bouhin/sensit-sdk-v2.0.0/sdk/lib\libSENSIT_SDK_V2.0.0.a(watchdog.o)
                0x08001c40                WATCHDOG_clear
 .text.ADC_init
                0x08001c50       0x88 C:/Users/Sophie/Desktop/hei-2018-2019-lab-sens-it-roussaud-feuvrier-bouhin/sensit-sdk-v2.0.0/sdk/lib\libSENSIT_SDK_V2.0.0.a(adc.o)
                0x08001c50                ADC_init
 .text.ADC_measure_battery
                0x08001cd8       0x84 C:/Users/Sophie/Desktop/hei-2018-2019-lab-sens-it-roussaud-feuvrier-bouhin/sensit-sdk-v2.0.0/sdk/lib\libSENSIT_SDK_V2.0.0.a(adc.o)
                0x08001cd8                ADC_measure_battery
 .text.ADC_get_battery_level
                0x08001d5c       0x10 C:/Users/Sophie/Desktop/hei-2018-2019-lab-sens-it-roussaud-feuvrier-bouhin/sensit-sdk-v2.0.0/sdk/lib\libSENSIT_SDK_V2.0.0.a(adc.o)
                0x08001d5c                ADC_get_battery_level
 .text.calibRTCclkIsCalibrated
                0x08001d6c      0x1a0 C:/Users/Sophie/Desktop/hei-2018-2019-lab-sens-it-roussaud-feuvrier-bouhin/sensit-sdk-v2.0.0/sdk/lib\libSENSIT_SDK_V2.0.0.a(calib.o)
                0x08001d6c                calibRTCclkIsCalibrated
 .text.CC1125_write_reg
                0x08001f0c       0x54 C:/Users/Sophie/Desktop/hei-2018-2019-lab-sens-it-roussaud-feuvrier-bouhin/sensit-sdk-v2.0.0/sdk/lib\libSENSIT_SDK_V2.0.0.a(cc1125.o)
                0x08001f0c                CC1125_write_reg
 .text.CC1125_output_clock
                0x08001f60       0x18 C:/Users/Sophie/Desktop/hei-2018-2019-lab-sens-it-roussaud-feuvrier-bouhin/sensit-sdk-v2.0.0/sdk/lib\libSENSIT_SDK_V2.0.0.a(cc1125.o)
                0x08001f60                CC1125_output_clock
 .text.CRC_compute
                0x08001f78       0x4c C:/Users/Sophie/Desktop/hei-2018-2019-lab-sens-it-roussaud-feuvrier-bouhin/sensit-sdk-v2.0.0/sdk/lib\libSENSIT_SDK_V2.0.0.a(crc.o)
                0x08001f78                CRC_compute
 .text.FLASH_unlock
                0x08001fc4       0x3c C:/Users/Sophie/Desktop/hei-2018-2019-lab-sens-it-roussaud-feuvrier-bouhin/sensit-sdk-v2.0.0/sdk/lib\libSENSIT_SDK_V2.0.0.a(flash.o)
                0x08001fc4                FLASH_unlock
 .text.FLASH_lock
                0x08002000       0x14 C:/Users/Sophie/Desktop/hei-2018-2019-lab-sens-it-roussaud-feuvrier-bouhin/sensit-sdk-v2.0.0/sdk/lib\libSENSIT_SDK_V2.0.0.a(flash.o)
                0x08002000                FLASH_lock
 .text.FLASH_write
                0x08002014       0x40 C:/Users/Sophie/Desktop/hei-2018-2019-lab-sens-it-roussaud-feuvrier-bouhin/sensit-sdk-v2.0.0/sdk/lib\libSENSIT_SDK_V2.0.0.a(flash.o)
                0x08002014                FLASH_write
 .text.FLASH_erase_page
                0x08002054       0x90 C:/Users/Sophie/Desktop/hei-2018-2019-lab-sens-it-roussaud-feuvrier-bouhin/sensit-sdk-v2.0.0/sdk/lib\libSENSIT_SDK_V2.0.0.a(flash.o)
                0x08002054                FLASH_erase_page
 .text._handler
                0x080020e4       0x44 C:/Users/Sophie/Desktop/hei-2018-2019-lab-sens-it-roussaud-feuvrier-bouhin/sensit-sdk-v2.0.0/sdk/lib\libSENSIT_SDK_V2.0.0.a(gpio.o)
 .text.GPIO_init
                0x08002128       0xcc C:/Users/Sophie/Desktop/hei-2018-2019-lab-sens-it-roussaud-feuvrier-bouhin/sensit-sdk-v2.0.0/sdk/lib\libSENSIT_SDK_V2.0.0.a(gpio.o)
                0x08002128                GPIO_init
 .text.EXTI4_15_IRQHandler
                0x080021f4       0x88 C:/Users/Sophie/Desktop/hei-2018-2019-lab-sens-it-roussaud-feuvrier-bouhin/sensit-sdk-v2.0.0/sdk/lib\libSENSIT_SDK_V2.0.0.a(gpio.o)
                0x080021f4                EXTI4_15_IRQHandler
 .text.HardFault_Handler
                0x0800227c        0x8 C:/Users/Sophie/Desktop/hei-2018-2019-lab-sens-it-roussaud-feuvrier-bouhin/sensit-sdk-v2.0.0/sdk/lib\libSENSIT_SDK_V2.0.0.a(gpio.o)
                0x0800227c                HardFault_Handler
 .text.NMI_Handler
                0x08002284        0x8 C:/Users/Sophie/Desktop/hei-2018-2019-lab-sens-it-roussaud-feuvrier-bouhin/sensit-sdk-v2.0.0/sdk/lib\libSENSIT_SDK_V2.0.0.a(gpio.o)
                0x08002284                NMI_Handler
 .text.WWDG_IRQHandler
                0x0800228c        0x8 C:/Users/Sophie/Desktop/hei-2018-2019-lab-sens-it-roussaud-feuvrier-bouhin/sensit-sdk-v2.0.0/sdk/lib\libSENSIT_SDK_V2.0.0.a(gpio.o)
                0x0800228c                WWDG_IRQHandler
 .text.I2C_init
                0x08002294       0x30 C:/Users/Sophie/Desktop/hei-2018-2019-lab-sens-it-roussaud-feuvrier-bouhin/sensit-sdk-v2.0.0/sdk/lib\libSENSIT_SDK_V2.0.0.a(i2c.o)
                0x08002294                I2C_init
 .text.I2C_write_read
                0x080022c4      0x160 C:/Users/Sophie/Desktop/hei-2018-2019-lab-sens-it-roussaud-feuvrier-bouhin/sensit-sdk-v2.0.0/sdk/lib\libSENSIT_SDK_V2.0.0.a(i2c.o)
                0x080022c4                I2C_write_read
 .text.LED_toggle
                0x08002424       0x5c C:/Users/Sophie/Desktop/hei-2018-2019-lab-sens-it-roussaud-feuvrier-bouhin/sensit-sdk-v2.0.0/sdk/lib\libSENSIT_SDK_V2.0.0.a(led.o)
                0x08002424                LED_toggle
 .text.my_memcpy
                0x08002480       0x1c C:/Users/Sophie/Desktop/hei-2018-2019-lab-sens-it-roussaud-feuvrier-bouhin/sensit-sdk-v2.0.0/sdk/lib\libSENSIT_SDK_V2.0.0.a(my_string.o)
                0x08002480                my_memcpy
 .text.my_memcmp
                0x0800249c       0x1c C:/Users/Sophie/Desktop/hei-2018-2019-lab-sens-it-roussaud-feuvrier-bouhin/sensit-sdk-v2.0.0/sdk/lib\libSENSIT_SDK_V2.0.0.a(my_string.o)
                0x0800249c                my_memcmp
 .text.PCD_WritePMA
                0x080024b8       0x28 C:/Users/Sophie/Desktop/hei-2018-2019-lab-sens-it-roussaud-feuvrier-bouhin/sensit-sdk-v2.0.0/sdk/lib\libSENSIT_SDK_V2.0.0.a(stm32f0xx_hal_pcd.o)
 .text.PCD_ReadPMA
                0x080024e0       0x20 C:/Users/Sophie/Desktop/hei-2018-2019-lab-sens-it-roussaud-feuvrier-bouhin/sensit-sdk-v2.0.0/sdk/lib\libSENSIT_SDK_V2.0.0.a(stm32f0xx_hal_pcd.o)
 .text.HAL_PCD_SetAddress
                0x08002500       0x2c C:/Users/Sophie/Desktop/hei-2018-2019-lab-sens-it-roussaud-feuvrier-bouhin/sensit-sdk-v2.0.0/sdk/lib\libSENSIT_SDK_V2.0.0.a(stm32f0xx_hal_pcd.o)
                0x08002500                HAL_PCD_SetAddress
 .text.HAL_PCD_EP_Open
                0x0800252c      0x2b0 C:/Users/Sophie/Desktop/hei-2018-2019-lab-sens-it-roussaud-feuvrier-bouhin/sensit-sdk-v2.0.0/sdk/lib\libSENSIT_SDK_V2.0.0.a(stm32f0xx_hal_pcd.o)
                0x0800252c                HAL_PCD_EP_Open
 .text.HAL_PCD_EP_Receive
                0x080027dc       0xe8 C:/Users/Sophie/Desktop/hei-2018-2019-lab-sens-it-roussaud-feuvrier-bouhin/sensit-sdk-v2.0.0/sdk/lib\libSENSIT_SDK_V2.0.0.a(stm32f0xx_hal_pcd.o)
                0x080027dc                HAL_PCD_EP_Receive
 .text.HAL_PCD_EP_Transmit
                0x080028c4      0x1e4 C:/Users/Sophie/Desktop/hei-2018-2019-lab-sens-it-roussaud-feuvrier-bouhin/sensit-sdk-v2.0.0/sdk/lib\libSENSIT_SDK_V2.0.0.a(stm32f0xx_hal_pcd.o)
                0x080028c4                HAL_PCD_EP_Transmit
 .text.HAL_PCD_IRQHandler
                0x08002aa8      0x464 C:/Users/Sophie/Desktop/hei-2018-2019-lab-sens-it-roussaud-feuvrier-bouhin/sensit-sdk-v2.0.0/sdk/lib\libSENSIT_SDK_V2.0.0.a(stm32f0xx_hal_pcd.o)
                0x08002aa8                HAL_PCD_IRQHandler
 .text.HAL_PCD_EP_SetStall
                0x08002f0c       0x90 C:/Users/Sophie/Desktop/hei-2018-2019-lab-sens-it-roussaud-feuvrier-bouhin/sensit-sdk-v2.0.0/sdk/lib\libSENSIT_SDK_V2.0.0.a(stm32f0xx_hal_pcd.o)
                0x08002f0c                HAL_PCD_EP_SetStall
 .text.HAL_PCD_EP_ClrStall
                0x08002f9c       0xbc C:/Users/Sophie/Desktop/hei-2018-2019-lab-sens-it-roussaud-feuvrier-bouhin/sensit-sdk-v2.0.0/sdk/lib\libSENSIT_SDK_V2.0.0.a(stm32f0xx_hal_pcd.o)
                0x08002f9c                HAL_PCD_EP_ClrStall
 .text.MODULATION_ramp_up
                0x08003058       0x28 C:/Users/Sophie/Desktop/hei-2018-2019-lab-sens-it-roussaud-feuvrier-bouhin/sensit-sdk-v2.0.0/sdk/lib\libSENSIT_SDK_V2.0.0.a(modulation.o)
 .text.MODULATION_ramp_down
                0x08003080       0x2c C:/Users/Sophie/Desktop/hei-2018-2019-lab-sens-it-roussaud-feuvrier-bouhin/sensit-sdk-v2.0.0/sdk/lib\libSENSIT_SDK_V2.0.0.a(modulation.o)
 .text.MODULATION_process
                0x080030ac       0xa4 C:/Users/Sophie/Desktop/hei-2018-2019-lab-sens-it-roussaud-feuvrier-bouhin/sensit-sdk-v2.0.0/sdk/lib\libSENSIT_SDK_V2.0.0.a(modulation.o)
                0x080030ac                MODULATION_process
 .text.TIM2_IRQHandler
                0x08003150       0x2c C:/Users/Sophie/Desktop/hei-2018-2019-lab-sens-it-roussaud-feuvrier-bouhin/sensit-sdk-v2.0.0/sdk/lib\libSENSIT_SDK_V2.0.0.a(modulation.o)
                0x08003150                TIM2_IRQHandler
 .text.__libc_init_array
                0x0800317c       0x48 d:/documents/hei 4/semestre 7/réseaux ubiquitaires/programmes tp1/7 2018-q2-update/bin/../lib/gcc/arm-none-eabi/7.3.1/../../../../arm-none-eabi/lib/thumb/v6-m\libc.a(lib_a-init.o)
                0x0800317c                __libc_init_array
 .text.memset   0x080031c4       0x9c d:/documents/hei 4/semestre 7/réseaux ubiquitaires/programmes tp1/7 2018-q2-update/bin/../lib/gcc/arm-none-eabi/7.3.1/../../../../arm-none-eabi/lib/thumb/v6-m\libc.a(lib_a-memset.o)
                0x080031c4                memset
 *(.glue_7)
 .glue_7        0x08003260        0x0 linker stubs
 *(.glue_7t)
 .glue_7t       0x08003260        0x0 linker stubs
 *(.eh_frame)
 *(.init)
 *(.fini)
                0x08003260                . = ALIGN (0x4)
                0x08003260                _etext = .

.vfp11_veneer   0x08003260        0x0
 .vfp11_veneer  0x08003260        0x0 linker stubs

.v4_bx          0x08003260        0x0
 .v4_bx         0x08003260        0x0 linker stubs

.iplt           0x08003260        0x0
 .iplt          0x08003260        0x0 C:/Users/Sophie/Desktop/hei-2018-2019-lab-sens-it-roussaud-feuvrier-bouhin/sensit-sdk-v2.0.0/sdk/obj/error.o

.rodata         0x08003260       0x10
                0x08003260                . = ALIGN (0x4)
 *(.rodata)
 .rodata        0x08003260       0x10 C:/Users/Sophie/Desktop/hei-2018-2019-lab-sens-it-roussaud-feuvrier-bouhin/sensit-sdk-v2.0.0/sdk/lib\libSENSIT_SDK_V2.0.0.a(nvmem_api.o)
 *(.rodata*)
                0x08003270                . = ALIGN (0x4)

.rel.dyn        0x08003270        0x0
 .rel.iplt      0x08003270        0x0 C:/Users/Sophie/Desktop/hei-2018-2019-lab-sens-it-roussaud-feuvrier-bouhin/sensit-sdk-v2.0.0/sdk/obj/error.o

.ARM.extab      0x08003270        0x0
                0x08003270                . = ALIGN (0x4)
 *(.ARM.extab* .gnu.linkonce.armextab.*)
                0x08003270                . = ALIGN (0x4)

.ARM            0x08003270        0x0
                0x08003270                . = ALIGN (0x4)
                0x08003270                __exidx_start = .
 *(.ARM.exidx*)
                0x08003270                __exidx_end = .
                0x08003270                . = ALIGN (0x4)

.preinit_array  0x08003270        0x0
                0x08003270                . = ALIGN (0x4)
                0x08003270                PROVIDE (__preinit_array_start = .)
 *(.preinit_array*)
                0x08003270                PROVIDE (__preinit_array_end = .)
                0x08003270                . = ALIGN (0x4)

.init_array     0x08003270        0x0
                0x08003270                . = ALIGN (0x4)
                0x08003270                PROVIDE (__init_array_start = .)
 *(SORT_BY_NAME(.init_array.*))
 *(.init_array*)
                0x08003270                PROVIDE (__init_array_end = .)
                0x08003270                . = ALIGN (0x4)

.fini_array     0x08003270        0x0
                0x08003270                . = ALIGN (0x4)
                [!provide]                PROVIDE (__fini_array_start = .)
 *(SORT_BY_NAME(.fini_array.*))
 *(.fini_array*)
                [!provide]                PROVIDE (__fini_array_end = .)
                0x08003270                . = ALIGN (0x4)
                0x08003270                _sidata = LOADADDR (.data)

.data           0x20000000       0xcc load address 0x08003270
                0x20000000                . = ALIGN (0x4)
                0x20000000                _sdata = .
 *(.data)
 .data          0x20000000        0x2 C:/Users/Sophie/Desktop/hei-2018-2019-lab-sens-it-roussaud-feuvrier-bouhin/sensit-sdk-v2.0.0/sdk/obj/battery.o
 *fill*         0x20000002        0x2 
 .data          0x20000004       0xa0 C:/Users/Sophie/Desktop/hei-2018-2019-lab-sens-it-roussaud-feuvrier-bouhin/sensit-sdk-v2.0.0/sdk/obj/radio_api.o
 .data          0x200000a4       0x10 C:/Users/Sophie/Desktop/hei-2018-2019-lab-sens-it-roussaud-feuvrier-bouhin/sensit-sdk-v2.0.0/sdk/obj/main.o
                0x200000a4                firmware_version
 .data          0x200000b4       0x15 C:/Users/Sophie/Desktop/hei-2018-2019-lab-sens-it-roussaud-feuvrier-bouhin/sensit-sdk-v2.0.0/sdk/lib\libSENSIT_SDK_V2.0.0.a(nvmem_api.o)
 .data          0x200000c9        0x1 C:/Users/Sophie/Desktop/hei-2018-2019-lab-sens-it-roussaud-feuvrier-bouhin/sensit-sdk-v2.0.0/sdk/lib\libSENSIT_SDK_V2.0.0.a(radio.o)
 *(.data*)
                0x200000cc                . = ALIGN (0x4)
 *fill*         0x200000ca        0x2 
                0x200000cc                _edata = .

.igot.plt       0x200000cc        0x0 load address 0x0800333c
 .igot.plt      0x200000cc        0x0 C:/Users/Sophie/Desktop/hei-2018-2019-lab-sens-it-roussaud-feuvrier-bouhin/sensit-sdk-v2.0.0/sdk/obj/error.o
                0x200000cc                . = ALIGN (0x4)

.bss            0x200000cc      0x550 load address 0x0800333c
                0x200000cc                _sbss = .
                0x200000cc                __bss_start__ = _sbss
 *(.bss)
 .bss           0x200000cc        0x1 C:/Users/Sophie/Desktop/hei-2018-2019-lab-sens-it-roussaud-feuvrier-bouhin/sensit-sdk-v2.0.0/sdk/obj/radio_api.o
 *fill*         0x200000cd        0x1 
 .bss           0x200000ce       0x10 C:/Users/Sophie/Desktop/hei-2018-2019-lab-sens-it-roussaud-feuvrier-bouhin/sensit-sdk-v2.0.0/sdk/obj/hts221.o
 *fill*         0x200000de        0x2 
 .bss           0x200000e0       0xa8 C:/Users/Sophie/Desktop/hei-2018-2019-lab-sens-it-roussaud-feuvrier-bouhin/sensit-sdk-v2.0.0/sdk/lib\libSENSIT_SDK_V2.0.0.a(mcu_api.o)
 .bss           0x20000188       0x14 C:/Users/Sophie/Desktop/hei-2018-2019-lab-sens-it-roussaud-feuvrier-bouhin/sensit-sdk-v2.0.0/sdk/lib\libSENSIT_SDK_V2.0.0.a(nvmem_api.o)
 .bss           0x2000019c        0x1 C:/Users/Sophie/Desktop/hei-2018-2019-lab-sens-it-roussaud-feuvrier-bouhin/sensit-sdk-v2.0.0/sdk/lib\libSENSIT_SDK_V2.0.0.a(radio.o)
 *fill*         0x2000019d        0x3 
 .bss           0x200001a0        0xc C:/Users/Sophie/Desktop/hei-2018-2019-lab-sens-it-roussaud-feuvrier-bouhin/sensit-sdk-v2.0.0/sdk/lib\libSENSIT_SDK_V2.0.0.a(rtc.o)
                0x200001a0                rtc_current_time
                0x200001a4                rtc_alarm_timer
                0x200001a8                rx_timer
 .bss           0x200001ac        0x1 C:/Users/Sophie/Desktop/hei-2018-2019-lab-sens-it-roussaud-feuvrier-bouhin/sensit-sdk-v2.0.0/sdk/lib\libSENSIT_SDK_V2.0.0.a(sigfox_api.o)
                0x200001ac                g_state
 .bss           0x200001ad        0x1 C:/Users/Sophie/Desktop/hei-2018-2019-lab-sens-it-roussaud-feuvrier-bouhin/sensit-sdk-v2.0.0/sdk/lib\libSENSIT_SDK_V2.0.0.a(sleep.o)
 .bss           0x200001ae      0x204 C:/Users/Sophie/Desktop/hei-2018-2019-lab-sens-it-roussaud-feuvrier-bouhin/sensit-sdk-v2.0.0/sdk/lib\libSENSIT_SDK_V2.0.0.a(uart.o)
 .bss           0x200003b2        0x1 C:/Users/Sophie/Desktop/hei-2018-2019-lab-sens-it-roussaud-feuvrier-bouhin/sensit-sdk-v2.0.0/sdk/lib\libSENSIT_SDK_V2.0.0.a(usbd_ctlreq.o)
 *fill*         0x200003b3        0x1 
 .bss           0x200003b4        0x4 C:/Users/Sophie/Desktop/hei-2018-2019-lab-sens-it-roussaud-feuvrier-bouhin/sensit-sdk-v2.0.0/sdk/lib\libSENSIT_SDK_V2.0.0.a(adc.o)
 .bss           0x200003b8        0xc C:/Users/Sophie/Desktop/hei-2018-2019-lab-sens-it-roussaud-feuvrier-bouhin/sensit-sdk-v2.0.0/sdk/lib\libSENSIT_SDK_V2.0.0.a(calib.o)
 .bss           0x200003c4        0x1 C:/Users/Sophie/Desktop/hei-2018-2019-lab-sens-it-roussaud-feuvrier-bouhin/sensit-sdk-v2.0.0/sdk/lib\libSENSIT_SDK_V2.0.0.a(led.o)
 *fill*         0x200003c5        0x3 
 .bss           0x200003c8       0x1d C:/Users/Sophie/Desktop/hei-2018-2019-lab-sens-it-roussaud-feuvrier-bouhin/sensit-sdk-v2.0.0/sdk/lib\libSENSIT_SDK_V2.0.0.a(modulation.o)
 *(.bss*)
 *(COMMON)
 COMMON         0x200003e5        0x1 C:/Users/Sophie/Desktop/hei-2018-2019-lab-sens-it-roussaud-feuvrier-bouhin/sensit-sdk-v2.0.0/sdk/obj/error.o
                0x200003e5                pending_interrupt
 *fill*         0x200003e6        0x2 
 COMMON         0x200003e8        0x9 C:/Users/Sophie/Desktop/hei-2018-2019-lab-sens-it-roussaud-feuvrier-bouhin/sensit-sdk-v2.0.0/sdk/lib\libSENSIT_SDK_V2.0.0.a(mcu_api.o)
                0x200003e8                sleep_end
                0x200003ec                cs_timer
                0x200003f0                tx_end
 *fill*         0x200003f1        0x3 
 COMMON         0x200003f4        0x4 C:/Users/Sophie/Desktop/hei-2018-2019-lab-sens-it-roussaud-feuvrier-bouhin/sensit-sdk-v2.0.0/sdk/lib\libSENSIT_SDK_V2.0.0.a(rtc.o)
                0x200003f4                rtc_alarm_reload
 COMMON         0x200003f8        0x4 C:/Users/Sophie/Desktop/hei-2018-2019-lab-sens-it-roussaud-feuvrier-bouhin/sensit-sdk-v2.0.0/sdk/lib\libSENSIT_SDK_V2.0.0.a(sigfox_api.o)
                0x200003f8                rs
 COMMON         0x200003fc      0x220 C:/Users/Sophie/Desktop/hei-2018-2019-lab-sens-it-roussaud-feuvrier-bouhin/sensit-sdk-v2.0.0/sdk/lib\libSENSIT_SDK_V2.0.0.a(usbd_conf.o)
                0x200003fc                hpcd_USB_FS
                0x2000061c                . = ALIGN (0x4)
                0x2000061c                _ebss = .
                0x2000061c                __bss_end__ = _ebss

._user_heap_stack
                0x2000061c      0x404 load address 0x0800333c
                0x20000620                . = ALIGN (0x8)
 *fill*         0x2000061c        0x4 
                [!provide]                PROVIDE (end = .)
                [!provide]                PROVIDE (_end = .)
                0x20000620                . = (. + _Min_Heap_Size)
                0x20000a20                . = (. + _Min_Stack_Size)
 *fill*         0x20000620      0x400 
                0x20000a20                . = ALIGN (0x8)

/DISCARD/
 libc.a(*)
 libm.a(*)
 libgcc.a(*)

.ARM.attributes
                0x00000000       0x2f
 *(.ARM.attributes)
 .ARM.attributes
                0x00000000       0x31 C:/Users/Sophie/Desktop/hei-2018-2019-lab-sens-it-roussaud-feuvrier-bouhin/sensit-sdk-v2.0.0/sdk/obj/error.o
 .ARM.attributes
                0x00000031       0x31 C:/Users/Sophie/Desktop/hei-2018-2019-lab-sens-it-roussaud-feuvrier-bouhin/sensit-sdk-v2.0.0/sdk/obj/button.o
 .ARM.attributes
                0x00000062       0x31 C:/Users/Sophie/Desktop/hei-2018-2019-lab-sens-it-roussaud-feuvrier-bouhin/sensit-sdk-v2.0.0/sdk/obj/battery.o
 .ARM.attributes
                0x00000093       0x31 C:/Users/Sophie/Desktop/hei-2018-2019-lab-sens-it-roussaud-feuvrier-bouhin/sensit-sdk-v2.0.0/sdk/obj/radio_api.o
 .ARM.attributes
                0x000000c4       0x31 C:/Users/Sophie/Desktop/hei-2018-2019-lab-sens-it-roussaud-feuvrier-bouhin/sensit-sdk-v2.0.0/sdk/obj/hts221.o
 .ARM.attributes
                0x000000f5       0x31 C:/Users/Sophie/Desktop/hei-2018-2019-lab-sens-it-roussaud-feuvrier-bouhin/sensit-sdk-v2.0.0/sdk/obj/ltr329.o
 .ARM.attributes
                0x00000126       0x31 C:/Users/Sophie/Desktop/hei-2018-2019-lab-sens-it-roussaud-feuvrier-bouhin/sensit-sdk-v2.0.0/sdk/obj/fxos8700.o
 .ARM.attributes
                0x00000157       0x31 C:/Users/Sophie/Desktop/hei-2018-2019-lab-sens-it-roussaud-feuvrier-bouhin/sensit-sdk-v2.0.0/sdk/obj/main.o
 .ARM.attributes
                0x00000188       0x31 C:/Users/Sophie/Desktop/hei-2018-2019-lab-sens-it-roussaud-feuvrier-bouhin/sensit-sdk-v2.0.0/sdk/lib\libSENSIT_SDK_V2.0.0.a(mcu_api.o)
 .ARM.attributes
                0x000001b9       0x31 C:/Users/Sophie/Desktop/hei-2018-2019-lab-sens-it-roussaud-feuvrier-bouhin/sensit-sdk-v2.0.0/sdk/lib\libSENSIT_SDK_V2.0.0.a(nvmem_api.o)
 .ARM.attributes
                0x000001ea       0x31 C:/Users/Sophie/Desktop/hei-2018-2019-lab-sens-it-roussaud-feuvrier-bouhin/sensit-sdk-v2.0.0/sdk/lib\libSENSIT_SDK_V2.0.0.a(radio.o)
 .ARM.attributes
                0x0000021b       0x31 C:/Users/Sophie/Desktop/hei-2018-2019-lab-sens-it-roussaud-feuvrier-bouhin/sensit-sdk-v2.0.0/sdk/lib\libSENSIT_SDK_V2.0.0.a(rtc.o)
 .ARM.attributes
                0x0000024c       0x31 C:/Users/Sophie/Desktop/hei-2018-2019-lab-sens-it-roussaud-feuvrier-bouhin/sensit-sdk-v2.0.0/sdk/lib\libSENSIT_SDK_V2.0.0.a(sensit_api.o)
 .ARM.attributes
                0x0000027d       0x31 C:/Users/Sophie/Desktop/hei-2018-2019-lab-sens-it-roussaud-feuvrier-bouhin/sensit-sdk-v2.0.0/sdk/lib\libSENSIT_SDK_V2.0.0.a(sigfox_api.o)
 .ARM.attributes
                0x000002ae       0x31 C:/Users/Sophie/Desktop/hei-2018-2019-lab-sens-it-roussaud-feuvrier-bouhin/sensit-sdk-v2.0.0/sdk/lib\libSENSIT_SDK_V2.0.0.a(sigfox_internal.o)
 .ARM.attributes
                0x000002df       0x31 C:/Users/Sophie/Desktop/hei-2018-2019-lab-sens-it-roussaud-feuvrier-bouhin/sensit-sdk-v2.0.0/sdk/lib\libSENSIT_SDK_V2.0.0.a(sleep.o)
 .ARM.attributes
                0x00000310       0x31 C:/Users/Sophie/Desktop/hei-2018-2019-lab-sens-it-roussaud-feuvrier-bouhin/sensit-sdk-v2.0.0/sdk/lib\libSENSIT_SDK_V2.0.0.a(spi.o)
 .ARM.attributes
                0x00000341       0x21 C:/Users/Sophie/Desktop/hei-2018-2019-lab-sens-it-roussaud-feuvrier-bouhin/sensit-sdk-v2.0.0/sdk/lib\libSENSIT_SDK_V2.0.0.a(startup_stm32f042x6.o)
 .ARM.attributes
                0x00000362       0x31 C:/Users/Sophie/Desktop/hei-2018-2019-lab-sens-it-roussaud-feuvrier-bouhin/sensit-sdk-v2.0.0/sdk/lib\libSENSIT_SDK_V2.0.0.a(system_stm32f0xx.o)
 .ARM.attributes
                0x00000393       0x31 C:/Users/Sophie/Desktop/hei-2018-2019-lab-sens-it-roussaud-feuvrier-bouhin/sensit-sdk-v2.0.0/sdk/lib\libSENSIT_SDK_V2.0.0.a(systick.o)
 .ARM.attributes
                0x000003c4       0x31 C:/Users/Sophie/Desktop/hei-2018-2019-lab-sens-it-roussaud-feuvrier-bouhin/sensit-sdk-v2.0.0/sdk/lib\libSENSIT_SDK_V2.0.0.a(uart.o)
 .ARM.attributes
                0x000003f5       0x31 C:/Users/Sophie/Desktop/hei-2018-2019-lab-sens-it-roussaud-feuvrier-bouhin/sensit-sdk-v2.0.0/sdk/lib\libSENSIT_SDK_V2.0.0.a(usbd_conf.o)
 .ARM.attributes
                0x00000426       0x31 C:/Users/Sophie/Desktop/hei-2018-2019-lab-sens-it-roussaud-feuvrier-bouhin/sensit-sdk-v2.0.0/sdk/lib\libSENSIT_SDK_V2.0.0.a(usbd_core.o)
 .ARM.attributes
                0x00000457       0x31 C:/Users/Sophie/Desktop/hei-2018-2019-lab-sens-it-roussaud-feuvrier-bouhin/sensit-sdk-v2.0.0/sdk/lib\libSENSIT_SDK_V2.0.0.a(usbd_ctlreq.o)
 .ARM.attributes
                0x00000488       0x31 C:/Users/Sophie/Desktop/hei-2018-2019-lab-sens-it-roussaud-feuvrier-bouhin/sensit-sdk-v2.0.0/sdk/lib\libSENSIT_SDK_V2.0.0.a(usbd_ioreq.o)
 .ARM.attributes
                0x000004b9       0x31 C:/Users/Sophie/Desktop/hei-2018-2019-lab-sens-it-roussaud-feuvrier-bouhin/sensit-sdk-v2.0.0/sdk/lib\libSENSIT_SDK_V2.0.0.a(watchdog.o)
 .ARM.attributes
                0x000004ea       0x31 C:/Users/Sophie/Desktop/hei-2018-2019-lab-sens-it-roussaud-feuvrier-bouhin/sensit-sdk-v2.0.0/sdk/lib\libSENSIT_SDK_V2.0.0.a(adc.o)
 .ARM.attributes
                0x0000051b       0x31 C:/Users/Sophie/Desktop/hei-2018-2019-lab-sens-it-roussaud-feuvrier-bouhin/sensit-sdk-v2.0.0/sdk/lib\libSENSIT_SDK_V2.0.0.a(calib.o)
 .ARM.attributes
                0x0000054c       0x31 C:/Users/Sophie/Desktop/hei-2018-2019-lab-sens-it-roussaud-feuvrier-bouhin/sensit-sdk-v2.0.0/sdk/lib\libSENSIT_SDK_V2.0.0.a(cc1125.o)
 .ARM.attributes
                0x0000057d       0x31 C:/Users/Sophie/Desktop/hei-2018-2019-lab-sens-it-roussaud-feuvrier-bouhin/sensit-sdk-v2.0.0/sdk/lib\libSENSIT_SDK_V2.0.0.a(crc.o)
 .ARM.attributes
                0x000005ae       0x31 C:/Users/Sophie/Desktop/hei-2018-2019-lab-sens-it-roussaud-feuvrier-bouhin/sensit-sdk-v2.0.0/sdk/lib\libSENSIT_SDK_V2.0.0.a(flash.o)
 .ARM.attributes
                0x000005df       0x31 C:/Users/Sophie/Desktop/hei-2018-2019-lab-sens-it-roussaud-feuvrier-bouhin/sensit-sdk-v2.0.0/sdk/lib\libSENSIT_SDK_V2.0.0.a(gpio.o)
 .ARM.attributes
                0x00000610       0x31 C:/Users/Sophie/Desktop/hei-2018-2019-lab-sens-it-roussaud-feuvrier-bouhin/sensit-sdk-v2.0.0/sdk/lib\libSENSIT_SDK_V2.0.0.a(i2c.o)
 .ARM.attributes
                0x00000641       0x31 C:/Users/Sophie/Desktop/hei-2018-2019-lab-sens-it-roussaud-feuvrier-bouhin/sensit-sdk-v2.0.0/sdk/lib\libSENSIT_SDK_V2.0.0.a(led.o)
 .ARM.attributes
                0x00000672       0x31 C:/Users/Sophie/Desktop/hei-2018-2019-lab-sens-it-roussaud-feuvrier-bouhin/sensit-sdk-v2.0.0/sdk/lib\libSENSIT_SDK_V2.0.0.a(my_string.o)
 .ARM.attributes
                0x000006a3       0x31 C:/Users/Sophie/Desktop/hei-2018-2019-lab-sens-it-roussaud-feuvrier-bouhin/sensit-sdk-v2.0.0/sdk/lib\libSENSIT_SDK_V2.0.0.a(stm32f0xx_hal_pcd.o)
 .ARM.attributes
                0x000006d4       0x31 C:/Users/Sophie/Desktop/hei-2018-2019-lab-sens-it-roussaud-feuvrier-bouhin/sensit-sdk-v2.0.0/sdk/lib\libSENSIT_SDK_V2.0.0.a(modulation.o)
OUTPUT(C:/Users/Sophie/Desktop/hei-2018-2019-lab-sens-it-roussaud-feuvrier-bouhin/sensit-sdk-v2.0.0/sdk/bin/sensit.elf elf32-littlearm)

.debug_info     0x00000000     0x1e49
 .debug_info    0x00000000      0x3cb C:/Users/Sophie/Desktop/hei-2018-2019-lab-sens-it-roussaud-feuvrier-bouhin/sensit-sdk-v2.0.0/sdk/obj/error.o
 .debug_info    0x000003cb      0x1e9 C:/Users/Sophie/Desktop/hei-2018-2019-lab-sens-it-roussaud-feuvrier-bouhin/sensit-sdk-v2.0.0/sdk/obj/button.o
 .debug_info    0x000005b4      0x2fa C:/Users/Sophie/Desktop/hei-2018-2019-lab-sens-it-roussaud-feuvrier-bouhin/sensit-sdk-v2.0.0/sdk/obj/battery.o
 .debug_info    0x000008ae      0x4a4 C:/Users/Sophie/Desktop/hei-2018-2019-lab-sens-it-roussaud-feuvrier-bouhin/sensit-sdk-v2.0.0/sdk/obj/radio_api.o
 .debug_info    0x00000d52      0x357 C:/Users/Sophie/Desktop/hei-2018-2019-lab-sens-it-roussaud-feuvrier-bouhin/sensit-sdk-v2.0.0/sdk/obj/hts221.o
 .debug_info    0x000010a9      0x364 C:/Users/Sophie/Desktop/hei-2018-2019-lab-sens-it-roussaud-feuvrier-bouhin/sensit-sdk-v2.0.0/sdk/obj/ltr329.o
 .debug_info    0x0000140d      0x4f3 C:/Users/Sophie/Desktop/hei-2018-2019-lab-sens-it-roussaud-feuvrier-bouhin/sensit-sdk-v2.0.0/sdk/obj/fxos8700.o
 .debug_info    0x00001900      0x549 C:/Users/Sophie/Desktop/hei-2018-2019-lab-sens-it-roussaud-feuvrier-bouhin/sensit-sdk-v2.0.0/sdk/obj/main.o

.debug_abbrev   0x00000000      0xab7
 .debug_abbrev  0x00000000      0x133 C:/Users/Sophie/Desktop/hei-2018-2019-lab-sens-it-roussaud-feuvrier-bouhin/sensit-sdk-v2.0.0/sdk/obj/error.o
 .debug_abbrev  0x00000133      0x10e C:/Users/Sophie/Desktop/hei-2018-2019-lab-sens-it-roussaud-feuvrier-bouhin/sensit-sdk-v2.0.0/sdk/obj/button.o
 .debug_abbrev  0x00000241      0x177 C:/Users/Sophie/Desktop/hei-2018-2019-lab-sens-it-roussaud-feuvrier-bouhin/sensit-sdk-v2.0.0/sdk/obj/battery.o
 .debug_abbrev  0x000003b8      0x18b C:/Users/Sophie/Desktop/hei-2018-2019-lab-sens-it-roussaud-feuvrier-bouhin/sensit-sdk-v2.0.0/sdk/obj/radio_api.o
 .debug_abbrev  0x00000543      0x137 C:/Users/Sophie/Desktop/hei-2018-2019-lab-sens-it-roussaud-feuvrier-bouhin/sensit-sdk-v2.0.0/sdk/obj/hts221.o
 .debug_abbrev  0x0000067a      0x135 C:/Users/Sophie/Desktop/hei-2018-2019-lab-sens-it-roussaud-feuvrier-bouhin/sensit-sdk-v2.0.0/sdk/obj/ltr329.o
 .debug_abbrev  0x000007af      0x15a C:/Users/Sophie/Desktop/hei-2018-2019-lab-sens-it-roussaud-feuvrier-bouhin/sensit-sdk-v2.0.0/sdk/obj/fxos8700.o
 .debug_abbrev  0x00000909      0x1ae C:/Users/Sophie/Desktop/hei-2018-2019-lab-sens-it-roussaud-feuvrier-bouhin/sensit-sdk-v2.0.0/sdk/obj/main.o

.debug_loc      0x00000000      0x997
 .debug_loc     0x00000000       0xfb C:/Users/Sophie/Desktop/hei-2018-2019-lab-sens-it-roussaud-feuvrier-bouhin/sensit-sdk-v2.0.0/sdk/obj/error.o
 .debug_loc     0x000000fb       0x95 C:/Users/Sophie/Desktop/hei-2018-2019-lab-sens-it-roussaud-feuvrier-bouhin/sensit-sdk-v2.0.0/sdk/obj/button.o
 .debug_loc     0x00000190       0x7a C:/Users/Sophie/Desktop/hei-2018-2019-lab-sens-it-roussaud-feuvrier-bouhin/sensit-sdk-v2.0.0/sdk/obj/battery.o
 .debug_loc     0x0000020a      0x161 C:/Users/Sophie/Desktop/hei-2018-2019-lab-sens-it-roussaud-feuvrier-bouhin/sensit-sdk-v2.0.0/sdk/obj/radio_api.o
 .debug_loc     0x0000036b      0x241 C:/Users/Sophie/Desktop/hei-2018-2019-lab-sens-it-roussaud-feuvrier-bouhin/sensit-sdk-v2.0.0/sdk/obj/hts221.o
 .debug_loc     0x000005ac      0x176 C:/Users/Sophie/Desktop/hei-2018-2019-lab-sens-it-roussaud-feuvrier-bouhin/sensit-sdk-v2.0.0/sdk/obj/ltr329.o
 .debug_loc     0x00000722      0x223 C:/Users/Sophie/Desktop/hei-2018-2019-lab-sens-it-roussaud-feuvrier-bouhin/sensit-sdk-v2.0.0/sdk/obj/fxos8700.o
 .debug_loc     0x00000945       0x52 C:/Users/Sophie/Desktop/hei-2018-2019-lab-sens-it-roussaud-feuvrier-bouhin/sensit-sdk-v2.0.0/sdk/obj/main.o

.debug_aranges  0x00000000      0x158
 .debug_aranges
                0x00000000       0x28 C:/Users/Sophie/Desktop/hei-2018-2019-lab-sens-it-roussaud-feuvrier-bouhin/sensit-sdk-v2.0.0/sdk/obj/error.o
 .debug_aranges
                0x00000028       0x20 C:/Users/Sophie/Desktop/hei-2018-2019-lab-sens-it-roussaud-feuvrier-bouhin/sensit-sdk-v2.0.0/sdk/obj/button.o
 .debug_aranges
                0x00000048       0x20 C:/Users/Sophie/Desktop/hei-2018-2019-lab-sens-it-roussaud-feuvrier-bouhin/sensit-sdk-v2.0.0/sdk/obj/battery.o
 .debug_aranges
                0x00000068       0x28 C:/Users/Sophie/Desktop/hei-2018-2019-lab-sens-it-roussaud-feuvrier-bouhin/sensit-sdk-v2.0.0/sdk/obj/radio_api.o
 .debug_aranges
                0x00000090       0x28 C:/Users/Sophie/Desktop/hei-2018-2019-lab-sens-it-roussaud-feuvrier-bouhin/sensit-sdk-v2.0.0/sdk/obj/hts221.o
 .debug_aranges
                0x000000b8       0x38 C:/Users/Sophie/Desktop/hei-2018-2019-lab-sens-it-roussaud-feuvrier-bouhin/sensit-sdk-v2.0.0/sdk/obj/ltr329.o
 .debug_aranges
                0x000000f0       0x48 C:/Users/Sophie/Desktop/hei-2018-2019-lab-sens-it-roussaud-feuvrier-bouhin/sensit-sdk-v2.0.0/sdk/obj/fxos8700.o
 .debug_aranges
                0x00000138       0x20 C:/Users/Sophie/Desktop/hei-2018-2019-lab-sens-it-roussaud-feuvrier-bouhin/sensit-sdk-v2.0.0/sdk/obj/main.o

.debug_ranges   0x00000000       0xd8
 .debug_ranges  0x00000000       0x18 C:/Users/Sophie/Desktop/hei-2018-2019-lab-sens-it-roussaud-feuvrier-bouhin/sensit-sdk-v2.0.0/sdk/obj/error.o
 .debug_ranges  0x00000018       0x10 C:/Users/Sophie/Desktop/hei-2018-2019-lab-sens-it-roussaud-feuvrier-bouhin/sensit-sdk-v2.0.0/sdk/obj/button.o
 .debug_ranges  0x00000028       0x10 C:/Users/Sophie/Desktop/hei-2018-2019-lab-sens-it-roussaud-feuvrier-bouhin/sensit-sdk-v2.0.0/sdk/obj/battery.o
 .debug_ranges  0x00000038       0x18 C:/Users/Sophie/Desktop/hei-2018-2019-lab-sens-it-roussaud-feuvrier-bouhin/sensit-sdk-v2.0.0/sdk/obj/radio_api.o
 .debug_ranges  0x00000050       0x18 C:/Users/Sophie/Desktop/hei-2018-2019-lab-sens-it-roussaud-feuvrier-bouhin/sensit-sdk-v2.0.0/sdk/obj/hts221.o
 .debug_ranges  0x00000068       0x28 C:/Users/Sophie/Desktop/hei-2018-2019-lab-sens-it-roussaud-feuvrier-bouhin/sensit-sdk-v2.0.0/sdk/obj/ltr329.o
 .debug_ranges  0x00000090       0x38 C:/Users/Sophie/Desktop/hei-2018-2019-lab-sens-it-roussaud-feuvrier-bouhin/sensit-sdk-v2.0.0/sdk/obj/fxos8700.o
 .debug_ranges  0x000000c8       0x10 C:/Users/Sophie/Desktop/hei-2018-2019-lab-sens-it-roussaud-feuvrier-bouhin/sensit-sdk-v2.0.0/sdk/obj/main.o

.debug_line     0x00000000      0x84b
 .debug_line    0x00000000      0x12e C:/Users/Sophie/Desktop/hei-2018-2019-lab-sens-it-roussaud-feuvrier-bouhin/sensit-sdk-v2.0.0/sdk/obj/error.o
 .debug_line    0x0000012e       0xa7 C:/Users/Sophie/Desktop/hei-2018-2019-lab-sens-it-roussaud-feuvrier-bouhin/sensit-sdk-v2.0.0/sdk/obj/button.o
 .debug_line    0x000001d5       0xab C:/Users/Sophie/Desktop/hei-2018-2019-lab-sens-it-roussaud-feuvrier-bouhin/sensit-sdk-v2.0.0/sdk/obj/battery.o
 .debug_line    0x00000280      0x101 C:/Users/Sophie/Desktop/hei-2018-2019-lab-sens-it-roussaud-feuvrier-bouhin/sensit-sdk-v2.0.0/sdk/obj/radio_api.o
 .debug_line    0x00000381      0x104 C:/Users/Sophie/Desktop/hei-2018-2019-lab-sens-it-roussaud-feuvrier-bouhin/sensit-sdk-v2.0.0/sdk/obj/hts221.o
 .debug_line    0x00000485      0x11e C:/Users/Sophie/Desktop/hei-2018-2019-lab-sens-it-roussaud-feuvrier-bouhin/sensit-sdk-v2.0.0/sdk/obj/ltr329.o
 .debug_line    0x000005a3      0x170 C:/Users/Sophie/Desktop/hei-2018-2019-lab-sens-it-roussaud-feuvrier-bouhin/sensit-sdk-v2.0.0/sdk/obj/fxos8700.o
 .debug_line    0x00000713      0x138 C:/Users/Sophie/Desktop/hei-2018-2019-lab-sens-it-roussaud-feuvrier-bouhin/sensit-sdk-v2.0.0/sdk/obj/main.o

.debug_str      0x00000000      0xb96
 .debug_str     0x00000000      0x2f8 C:/Users/Sophie/Desktop/hei-2018-2019-lab-sens-it-roussaud-feuvrier-bouhin/sensit-sdk-v2.0.0/sdk/obj/error.o
                                0x319 (size before relaxing)
 .debug_str     0x000002f8       0x6e C:/Users/Sophie/Desktop/hei-2018-2019-lab-sens-it-roussaud-feuvrier-bouhin/sensit-sdk-v2.0.0/sdk/obj/button.o
                                0x2a7 (size before relaxing)
 .debug_str     0x00000366       0x93 C:/Users/Sophie/Desktop/hei-2018-2019-lab-sens-it-roussaud-feuvrier-bouhin/sensit-sdk-v2.0.0/sdk/obj/battery.o
                                0x342 (size before relaxing)
 .debug_str     0x000003f9      0x2d6 C:/Users/Sophie/Desktop/hei-2018-2019-lab-sens-it-roussaud-feuvrier-bouhin/sensit-sdk-v2.0.0/sdk/obj/radio_api.o
                                0x4b8 (size before relaxing)
 .debug_str     0x000006cf       0xa8 C:/Users/Sophie/Desktop/hei-2018-2019-lab-sens-it-roussaud-feuvrier-bouhin/sensit-sdk-v2.0.0/sdk/obj/hts221.o
                                0x255 (size before relaxing)
 .debug_str     0x00000777      0x111 C:/Users/Sophie/Desktop/hei-2018-2019-lab-sens-it-roussaud-feuvrier-bouhin/sensit-sdk-v2.0.0/sdk/obj/ltr329.o
                                0x2ed (size before relaxing)
 .debug_str     0x00000888      0x146 C:/Users/Sophie/Desktop/hei-2018-2019-lab-sens-it-roussaud-feuvrier-bouhin/sensit-sdk-v2.0.0/sdk/obj/fxos8700.o
                                0x325 (size before relaxing)
 .debug_str     0x000009ce      0x1c8 C:/Users/Sophie/Desktop/hei-2018-2019-lab-sens-it-roussaud-feuvrier-bouhin/sensit-sdk-v2.0.0/sdk/obj/main.o
                                0x4fd (size before relaxing)

.comment        0x00000000      0x16d
 .comment       0x00000000       0x7f C:/Users/Sophie/Desktop/hei-2018-2019-lab-sens-it-roussaud-feuvrier-bouhin/sensit-sdk-v2.0.0/sdk/obj/error.o
                                 0x80 (size before relaxing)
 .comment       0x0000007f       0x80 C:/Users/Sophie/Desktop/hei-2018-2019-lab-sens-it-roussaud-feuvrier-bouhin/sensit-sdk-v2.0.0/sdk/obj/button.o
 .comment       0x0000007f       0x80 C:/Users/Sophie/Desktop/hei-2018-2019-lab-sens-it-roussaud-feuvrier-bouhin/sensit-sdk-v2.0.0/sdk/obj/battery.o
 .comment       0x0000007f       0x80 C:/Users/Sophie/Desktop/hei-2018-2019-lab-sens-it-roussaud-feuvrier-bouhin/sensit-sdk-v2.0.0/sdk/obj/radio_api.o
 .comment       0x0000007f       0x80 C:/Users/Sophie/Desktop/hei-2018-2019-lab-sens-it-roussaud-feuvrier-bouhin/sensit-sdk-v2.0.0/sdk/obj/hts221.o
 .comment       0x0000007f       0x80 C:/Users/Sophie/Desktop/hei-2018-2019-lab-sens-it-roussaud-feuvrier-bouhin/sensit-sdk-v2.0.0/sdk/obj/ltr329.o
 .comment       0x0000007f       0x80 C:/Users/Sophie/Desktop/hei-2018-2019-lab-sens-it-roussaud-feuvrier-bouhin/sensit-sdk-v2.0.0/sdk/obj/fxos8700.o
 .comment       0x0000007f       0x80 C:/Users/Sophie/Desktop/hei-2018-2019-lab-sens-it-roussaud-feuvrier-bouhin/sensit-sdk-v2.0.0/sdk/obj/main.o
 .comment       0x0000007f       0x7e C:/Users/Sophie/Desktop/hei-2018-2019-lab-sens-it-roussaud-feuvrier-bouhin/sensit-sdk-v2.0.0/sdk/lib\libSENSIT_SDK_V2.0.0.a(mcu_api.o)
                                 0x7f (size before relaxing)
 .comment       0x000000fd       0x7f C:/Users/Sophie/Desktop/hei-2018-2019-lab-sens-it-roussaud-feuvrier-bouhin/sensit-sdk-v2.0.0/sdk/lib\libSENSIT_SDK_V2.0.0.a(nvmem_api.o)
 .comment       0x000000fd       0x7f C:/Users/Sophie/Desktop/hei-2018-2019-lab-sens-it-roussaud-feuvrier-bouhin/sensit-sdk-v2.0.0/sdk/lib\libSENSIT_SDK_V2.0.0.a(radio.o)
 .comment       0x000000fd       0x7f C:/Users/Sophie/Desktop/hei-2018-2019-lab-sens-it-roussaud-feuvrier-bouhin/sensit-sdk-v2.0.0/sdk/lib\libSENSIT_SDK_V2.0.0.a(rtc.o)
 .comment       0x000000fd       0x7f C:/Users/Sophie/Desktop/hei-2018-2019-lab-sens-it-roussaud-feuvrier-bouhin/sensit-sdk-v2.0.0/sdk/lib\libSENSIT_SDK_V2.0.0.a(sensit_api.o)
 .comment       0x000000fd       0x70 C:/Users/Sophie/Desktop/hei-2018-2019-lab-sens-it-roussaud-feuvrier-bouhin/sensit-sdk-v2.0.0/sdk/lib\libSENSIT_SDK_V2.0.0.a(sigfox_api.o)
                                 0x71 (size before relaxing)
 .comment       0x0000016d       0x71 C:/Users/Sophie/Desktop/hei-2018-2019-lab-sens-it-roussaud-feuvrier-bouhin/sensit-sdk-v2.0.0/sdk/lib\libSENSIT_SDK_V2.0.0.a(sigfox_internal.o)
 .comment       0x0000016d       0x7f C:/Users/Sophie/Desktop/hei-2018-2019-lab-sens-it-roussaud-feuvrier-bouhin/sensit-sdk-v2.0.0/sdk/lib\libSENSIT_SDK_V2.0.0.a(sleep.o)
 .comment       0x0000016d       0x7f C:/Users/Sophie/Desktop/hei-2018-2019-lab-sens-it-roussaud-feuvrier-bouhin/sensit-sdk-v2.0.0/sdk/lib\libSENSIT_SDK_V2.0.0.a(spi.o)
 .comment       0x0000016d       0x7f C:/Users/Sophie/Desktop/hei-2018-2019-lab-sens-it-roussaud-feuvrier-bouhin/sensit-sdk-v2.0.0/sdk/lib\libSENSIT_SDK_V2.0.0.a(system_stm32f0xx.o)
 .comment       0x0000016d       0x7f C:/Users/Sophie/Desktop/hei-2018-2019-lab-sens-it-roussaud-feuvrier-bouhin/sensit-sdk-v2.0.0/sdk/lib\libSENSIT_SDK_V2.0.0.a(systick.o)
 .comment       0x0000016d       0x7f C:/Users/Sophie/Desktop/hei-2018-2019-lab-sens-it-roussaud-feuvrier-bouhin/sensit-sdk-v2.0.0/sdk/lib\libSENSIT_SDK_V2.0.0.a(uart.o)
 .comment       0x0000016d       0x7f C:/Users/Sophie/Desktop/hei-2018-2019-lab-sens-it-roussaud-feuvrier-bouhin/sensit-sdk-v2.0.0/sdk/lib\libSENSIT_SDK_V2.0.0.a(usbd_conf.o)
 .comment       0x0000016d       0x7f C:/Users/Sophie/Desktop/hei-2018-2019-lab-sens-it-roussaud-feuvrier-bouhin/sensit-sdk-v2.0.0/sdk/lib\libSENSIT_SDK_V2.0.0.a(usbd_core.o)
 .comment       0x0000016d       0x7f C:/Users/Sophie/Desktop/hei-2018-2019-lab-sens-it-roussaud-feuvrier-bouhin/sensit-sdk-v2.0.0/sdk/lib\libSENSIT_SDK_V2.0.0.a(usbd_ctlreq.o)
 .comment       0x0000016d       0x7f C:/Users/Sophie/Desktop/hei-2018-2019-lab-sens-it-roussaud-feuvrier-bouhin/sensit-sdk-v2.0.0/sdk/lib\libSENSIT_SDK_V2.0.0.a(usbd_ioreq.o)
 .comment       0x0000016d       0x7f C:/Users/Sophie/Desktop/hei-2018-2019-lab-sens-it-roussaud-feuvrier-bouhin/sensit-sdk-v2.0.0/sdk/lib\libSENSIT_SDK_V2.0.0.a(watchdog.o)
 .comment       0x0000016d       0x7f C:/Users/Sophie/Desktop/hei-2018-2019-lab-sens-it-roussaud-feuvrier-bouhin/sensit-sdk-v2.0.0/sdk/lib\libSENSIT_SDK_V2.0.0.a(adc.o)
 .comment       0x0000016d       0x7f C:/Users/Sophie/Desktop/hei-2018-2019-lab-sens-it-roussaud-feuvrier-bouhin/sensit-sdk-v2.0.0/sdk/lib\libSENSIT_SDK_V2.0.0.a(calib.o)
 .comment       0x0000016d       0x7f C:/Users/Sophie/Desktop/hei-2018-2019-lab-sens-it-roussaud-feuvrier-bouhin/sensit-sdk-v2.0.0/sdk/lib\libSENSIT_SDK_V2.0.0.a(cc1125.o)
 .comment       0x0000016d       0x7f C:/Users/Sophie/Desktop/hei-2018-2019-lab-sens-it-roussaud-feuvrier-bouhin/sensit-sdk-v2.0.0/sdk/lib\libSENSIT_SDK_V2.0.0.a(crc.o)
 .comment       0x0000016d       0x7f C:/Users/Sophie/Desktop/hei-2018-2019-lab-sens-it-roussaud-feuvrier-bouhin/sensit-sdk-v2.0.0/sdk/lib\libSENSIT_SDK_V2.0.0.a(flash.o)
 .comment       0x0000016d       0x7f C:/Users/Sophie/Desktop/hei-2018-2019-lab-sens-it-roussaud-feuvrier-bouhin/sensit-sdk-v2.0.0/sdk/lib\libSENSIT_SDK_V2.0.0.a(gpio.o)
 .comment       0x0000016d       0x7f C:/Users/Sophie/Desktop/hei-2018-2019-lab-sens-it-roussaud-feuvrier-bouhin/sensit-sdk-v2.0.0/sdk/lib\libSENSIT_SDK_V2.0.0.a(i2c.o)
 .comment       0x0000016d       0x7f C:/Users/Sophie/Desktop/hei-2018-2019-lab-sens-it-roussaud-feuvrier-bouhin/sensit-sdk-v2.0.0/sdk/lib\libSENSIT_SDK_V2.0.0.a(led.o)
 .comment       0x0000016d       0x7f C:/Users/Sophie/Desktop/hei-2018-2019-lab-sens-it-roussaud-feuvrier-bouhin/sensit-sdk-v2.0.0/sdk/lib\libSENSIT_SDK_V2.0.0.a(my_string.o)
 .comment       0x0000016d       0x7f C:/Users/Sophie/Desktop/hei-2018-2019-lab-sens-it-roussaud-feuvrier-bouhin/sensit-sdk-v2.0.0/sdk/lib\libSENSIT_SDK_V2.0.0.a(stm32f0xx_hal_pcd.o)
 .comment       0x0000016d       0x7f C:/Users/Sophie/Desktop/hei-2018-2019-lab-sens-it-roussaud-feuvrier-bouhin/sensit-sdk-v2.0.0/sdk/lib\libSENSIT_SDK_V2.0.0.a(modulation.o)

.debug_frame    0x00000000      0x2bc
 .debug_frame   0x00000000       0x44 C:/Users/Sophie/Desktop/hei-2018-2019-lab-sens-it-roussaud-feuvrier-bouhin/sensit-sdk-v2.0.0/sdk/obj/error.o
 .debug_frame   0x00000044       0x30 C:/Users/Sophie/Desktop/hei-2018-2019-lab-sens-it-roussaud-feuvrier-bouhin/sensit-sdk-v2.0.0/sdk/obj/button.o
 .debug_frame   0x00000074       0x30 C:/Users/Sophie/Desktop/hei-2018-2019-lab-sens-it-roussaud-feuvrier-bouhin/sensit-sdk-v2.0.0/sdk/obj/battery.o
 .debug_frame   0x000000a4       0x4c C:/Users/Sophie/Desktop/hei-2018-2019-lab-sens-it-roussaud-feuvrier-bouhin/sensit-sdk-v2.0.0/sdk/obj/radio_api.o
 .debug_frame   0x000000f0       0x4c C:/Users/Sophie/Desktop/hei-2018-2019-lab-sens-it-roussaud-feuvrier-bouhin/sensit-sdk-v2.0.0/sdk/obj/hts221.o
 .debug_frame   0x0000013c       0x88 C:/Users/Sophie/Desktop/hei-2018-2019-lab-sens-it-roussaud-feuvrier-bouhin/sensit-sdk-v2.0.0/sdk/obj/ltr329.o
 .debug_frame   0x000001c4       0xc8 C:/Users/Sophie/Desktop/hei-2018-2019-lab-sens-it-roussaud-feuvrier-bouhin/sensit-sdk-v2.0.0/sdk/obj/fxos8700.o
 .debug_frame   0x0000028c       0x30 C:/Users/Sophie/Desktop/hei-2018-2019-lab-sens-it-roussaud-feuvrier-bouhin/sensit-sdk-v2.0.0/sdk/obj/main.o
